{smcl}
{com}{sf}{ul off}{txt}
{com}. 
. 
. *install programs
. cap ssc install ersur
{txt}
{com}. cap ssc install kpss
{txt}
{com}. 
. *load the data
. import excel "\\files\ak29\ClusterDownloads\Chow-Wang Data.xls", sheet("Sheet1")
{res}{err}no; data in memory would be lost
{res}{txt}{search r(4), local:r(4);}

end of do-file

{search r(4), local:r(4);}

{com}. do "C:\Users\ak29\AppData\Local\Temp\STD283c_000000.tmp"
{txt}
{com}. /*******************************************************************************
> Author: Alex Kaufman
> Description: HW 2 - Unit Root tests
> Date: 10/2
> *******************************SET UP******************************************/
. cd "\\Files\ak29\ClusterDownloads\Econometrics\TimeSeries", clear
{err}invalid syntax
{txt}{search r(198), local:r(198);}

end of do-file

{search r(198), local:r(198);}

{com}. do "C:\Users\ak29\AppData\Local\Temp\STD283c_000000.tmp"
{txt}
{com}. /*******************************************************************************
> Author: Alex Kaufman
> Description: HW 2 - Unit Root tests
> Date: 10/2
> *******************************SET UP******************************************/
. cd "\\Files\ak29\ClusterDownloads\Econometrics\TimeSeries"
{res}\\Files\ak29\ClusterDownloads\Econometrics\TimeSeries
{txt}
{com}. 
. cap log using HW2
{txt}
{com}. 
. 
. *install programs
. cap ssc install ersur
{txt}
{com}. cap ssc install kpss
{txt}
{com}. 
. *load the data
. import excel "\\files\ak29\ClusterDownloads\Chow-Wang Data.xls", sheet("Sheet1"), clear
{err}invalid 'clear' 
{txt}{search r(198), local:r(198);}

end of do-file

{search r(198), local:r(198);}

{com}. do "C:\Users\ak29\AppData\Local\Temp\STD283c_000000.tmp"
{txt}
{com}. /*******************************************************************************
> Author: Alex Kaufman
> Description: HW 2 - Unit Root tests
> Date: 10/2
> *******************************SET UP******************************************/
. cd "\\Files\ak29\ClusterDownloads\Econometrics\TimeSeries"
{res}\\Files\ak29\ClusterDownloads\Econometrics\TimeSeries
{txt}
{com}. 
. cap log using HW2
{txt}
{com}. 
. 
. *install programs
. cap ssc install ersur
{txt}
{com}. cap ssc install kpss
{txt}
{com}. 
. *load the data
. clear
{txt}
{com}. import excel "\\files\ak29\ClusterDownloads\Chow-Wang Data.xls", sheet("Sheet1")
{res}{txt}
{com}. 
. ********************************PREP DATA***************************************
. ren A year
{res}{txt}
{com}. ren B P
{res}{txt}
{com}. ren C M2
{res}{txt}
{com}. ren D Y
{res}{txt}
{com}. 
. gen log_M2_Y = log(M2/Y)
{txt}
{com}. gen log_P    = log(P)
{txt}
{com}. 
. *declare data to be time series
. tsset year
{res}{txt}{col 9}time variable:  {res}{col 25}year, 1952 to 2008
{txt}{col 17}delta:  {res}1 unit
{txt}
{com}. 
. *********************************ANALYSIS***************************************
. *Dickey Fuller Tests for Stationarity
. dfuller log_P, lags(1) trend

{txt}Augmented Dickey-Fuller test for unit root         Number of obs   = {res}       55

{txt}{col 32}{hline 10} Interpolated Dickey-Fuller {hline 9}
                  Test         1% Critical       5% Critical      10% Critical
               Statistic           Value             Value             Value
{hline 78}
 Z(t)         {res}    -2.016            -4.139            -3.495            -3.177
{txt}{hline 78}
MacKinnon approximate p-value for Z(t) = {res}0.5929
{txt}
{com}. dfuller log_M2_Y

{txt}Dickey-Fuller test for unit root                   Number of obs   = {res}       56

{txt}{col 32}{hline 10} Interpolated Dickey-Fuller {hline 9}
                  Test         1% Critical       5% Critical      10% Critical
               Statistic           Value             Value             Value
{hline 78}
 Z(t)         {res}     1.044            -3.572            -2.925            -2.598
{txt}{hline 78}
MacKinnon approximate p-value for Z(t) = {res}0.9947
{txt}
{com}. 
. Johansen
{err}command {bf}Johansen{sf} is unrecognized
{txt}{search r(199), local:r(199);}

end of do-file

{search r(199), local:r(199);}

{com}. help vecrank

. vecrank log_P, lags(5) level99
{err}too few variables specified
{txt}{search r(102), local:r(102);}

{com}. vecrank log*, lags(5) level99
{res}
{txt}{center 79:Johansen tests for cointegration}
Trend: constant{col 57}Number of obs = {res}{col 6}     52
{txt}Sample:  {res}1957 - 2008{txt}{col 66}Lags = {res}      5
{txt}{hline 79}
{col 58}1%
maximum{col 46}trace{col 55}critical
  rank{col 11}parms{col 23}LL{col 32}eigenvalue{col 44}statistic{col 57}value
{col 3}{res}  0{col 12}18  {col 19} 149.36435{col 33}       .{col 44}   9.2131{help vecrankstar##|_new:*}{col 55}  20.04
{col 3}  1{col 12}21  {col 19} 153.93814{col 33} 0.16131{col 44}   0.0655{col 55}   6.65
{col 3}  2{col 12}22  {col 19} 153.97088{col 33} 0.00126
{txt}{hline 79}

{com}. do "C:\Users\ak29\AppData\Local\Temp\STD283c_000000.tmp"
{txt}
{com}. vecrank log*, lags(5) 
{res}
{txt}{center 79:Johansen tests for cointegration}
Trend: constant{col 57}Number of obs = {res}{col 6}     52
{txt}Sample:  {res}1957 - 2008{txt}{col 66}Lags = {res}      5
{txt}{hline 79}
{col 58}5%
maximum{col 46}trace{col 55}critical
  rank{col 11}parms{col 23}LL{col 32}eigenvalue{col 44}statistic{col 57}value
{col 3}{res}  0{col 12}18  {col 19} 149.36435{col 33}       .{col 44}   9.2131{help vecrankstar##|_new:*}{col 55}  15.41
{col 3}  1{col 12}21  {col 19} 153.93814{col 33} 0.16131{col 44}   0.0655{col 55}   3.76
{col 3}  2{col 12}22  {col 19} 153.97088{col 33} 0.00126
{txt}{hline 79}

{com}. 
{txt}end of do-file

{com}. do "C:\Users\ak29\AppData\Local\Temp\STD283c_000000.tmp"
{txt}
{com}. reg log_P log_M

{txt}      Source {c |}       SS           df       MS      Number of obs   ={res}        57
{txt}{hline 13}{c +}{hline 34}   F(1, 55)        = {res}  1989.69
{txt}       Model {c |} {res} 18.0449479         1  18.0449479   {txt}Prob > F        ={res}    0.0000
{txt}    Residual {c |} {res} .498808067        55  .009069238   {txt}R-squared       ={res}    0.9731
{txt}{hline 13}{c +}{hline 34}   Adj R-squared   ={res}    0.9726
{txt}       Total {c |} {res} 18.5437559        56  .331138499   {txt}Root MSE        =   {res} .09523

{txt}{hline 13}{c TT}{hline 11}{hline 11}{hline 9}{hline 8}{hline 13}{hline 12}
{col 1}       log_P{col 14}{c |}      Coef.{col 26}   Std. Err.{col 38}      t{col 46}   P>|t|{col 54}     [95% Con{col 67}f. Interval]
{hline 13}{c +}{hline 11}{hline 11}{hline 9}{hline 8}{hline 13}{hline 12}
{space 4}log_M2_Y {c |}{col 14}{res}{space 2} .3687654{col 26}{space 2} .0082672{col 37}{space 1}   44.61{col 46}{space 3}0.000{col 54}{space 4} .3521976{col 67}{space 3} .3853332
{txt}{space 7}_cons {c |}{col 14}{res}{space 2}-.7017055{col 26}{space 2} .0281671{col 37}{space 1}  -24.91{col 46}{space 3}0.000{col 54}{space 4}-.7581537{col 67}{space 3}-.6452572
{txt}{hline 13}{c BT}{hline 11}{hline 11}{hline 9}{hline 8}{hline 13}{hline 12}
{res}{txt}
{com}. 
{txt}end of do-file

{com}. help predict

. predict resid x
{txt}(option {bf:xb} assumed; fitted values)
{err}too many variables specified
{txt}{search r(103), local:r(103);}

{com}. predict x resid
{txt}(option {bf:xb} assumed; fitted values)
{err}too many variables specified
{txt}{search r(103), local:r(103);}

{com}. predict resid
{txt}(option {bf:xb} assumed; fitted values)

{com}. do "C:\Users\ak29\AppData\Local\Temp\STD283c_000000.tmp"
{txt}
{com}. reg log_P log_M l.log_P l.resid

{txt}      Source {c |}       SS           df       MS      Number of obs   ={res}        56
{txt}{hline 13}{c +}{hline 34}   F(3, 52)        = {res}  3373.31
{txt}       Model {c |} {res} 18.0636361         3  6.02121202   {txt}Prob > F        ={res}    0.0000
{txt}    Residual {c |} {res} .092817665        52  .001784955   {txt}R-squared       ={res}    0.9949
{txt}{hline 13}{c +}{hline 34}   Adj R-squared   ={res}    0.9946
{txt}       Total {c |} {res} 18.1564537        55   .33011734   {txt}Root MSE        =   {res} .04225

{txt}{hline 13}{c TT}{hline 11}{hline 11}{hline 9}{hline 8}{hline 13}{hline 12}
{col 1}       log_P{col 14}{c |}      Coef.{col 26}   Std. Err.{col 38}      t{col 46}   P>|t|{col 54}     [95% Con{col 67}f. Interval]
{hline 13}{c +}{hline 11}{hline 11}{hline 9}{hline 8}{hline 13}{hline 12}
{space 4}log_M2_Y {c |}{col 14}{res}{space 2} .2126449{col 26}{space 2} .0492519{col 37}{space 1}    4.32{col 46}{space 3}0.000{col 54}{space 4} .1138138{col 67}{space 3} .3114759
{txt}{space 12} {c |}
{space 7}log_P {c |}
{space 9}L1. {c |}{col 14}{res}{space 2}  .839095{col 26}{space 2} .0610256{col 37}{space 1}   13.75{col 46}{space 3}0.000{col 54}{space 4} .7166381{col 67}{space 3} .9615519
{txt}{space 12} {c |}
{space 7}resid {c |}
{space 9}L1. {c |}{col 14}{res}{space 2}-.4041879{col 26}{space 2} .1591385{col 37}{space 1}   -2.54{col 46}{space 3}0.014{col 54}{space 4}-.7235226{col 67}{space 3}-.0848532
{txt}{space 12} {c |}
{space 7}_cons {c |}{col 14}{res}{space 2}-.3979714{col 26}{space 2} .0972789{col 37}{space 1}   -4.09{col 46}{space 3}0.000{col 54}{space 4}-.5931758{col 67}{space 3}-.2027669
{txt}{hline 13}{c BT}{hline 11}{hline 11}{hline 9}{hline 8}{hline 13}{hline 12}
{res}{txt}
{com}. 
{txt}end of do-file

{com}. do "C:\Users\ak29\AppData\Local\Temp\STD283c_000000.tmp"
{txt}
{com}. gen D_P = log_P - log_P[_n-1]
{txt}(1 missing value generated)

{com}. 
{txt}end of do-file

{com}. do "C:\Users\ak29\AppData\Local\Temp\STD283c_000000.tmp"
{txt}
{com}. gen D_P = log_P - log_P[_n-1]
{err}variable {bf}D_P{sf} already defined
{txt}{search r(110), local:r(110);}

end of do-file

{search r(110), local:r(110);}

{com}. do "C:\Users\ak29\AppData\Local\Temp\STD283c_000000.tmp"
{txt}
{com}. reg D_P log_M l.D_P l.resid

{txt}      Source {c |}       SS           df       MS      Number of obs   ={res}        55
{txt}{hline 13}{c +}{hline 34}   F(3, 51)        = {res}    23.16
{txt}       Model {c |} {res} .088917451         3   .02963915   {txt}Prob > F        ={res}    0.0000
{txt}    Residual {c |} {res} .065264335        51  .001279693   {txt}R-squared       ={res}    0.5767
{txt}{hline 13}{c +}{hline 34}   Adj R-squared   ={res}    0.5518
{txt}       Total {c |} {res} .154181786        54  .002855218   {txt}Root MSE        =   {res} .03577

{txt}{hline 13}{c TT}{hline 11}{hline 11}{hline 9}{hline 8}{hline 13}{hline 12}
{col 1}         D_P{col 14}{c |}      Coef.{col 26}   Std. Err.{col 38}      t{col 46}   P>|t|{col 54}     [95% Con{col 67}f. Interval]
{hline 13}{c +}{hline 11}{hline 11}{hline 9}{hline 8}{hline 13}{hline 12}
{space 4}log_M2_Y {c |}{col 14}{res}{space 2}  .176423{col 26}{space 2} .0429268{col 37}{space 1}    4.11{col 46}{space 3}0.000{col 54}{space 4} .0902438{col 67}{space 3} .2626022
{txt}{space 12} {c |}
{space 9}D_P {c |}
{space 9}L1. {c |}{col 14}{res}{space 2} .5343861{col 26}{space 2} .0976834{col 37}{space 1}    5.47{col 46}{space 3}0.000{col 54}{space 4} .3382786{col 67}{space 3} .7304937
{txt}{space 12} {c |}
{space 7}resid {c |}
{space 9}L1. {c |}{col 14}{res}{space 2} -.475639{col 26}{space 2} .1172925{col 37}{space 1}   -4.06{col 46}{space 3}0.000{col 54}{space 4}-.7111136{col 67}{space 3}-.2401644
{txt}{space 12} {c |}
{space 7}_cons {c |}{col 14}{res}{space 2}-.3379125{col 26}{space 2} .0844163{col 37}{space 1}   -4.00{col 46}{space 3}0.000{col 54}{space 4}-.5073852{col 67}{space 3}-.1684398
{txt}{hline 13}{c BT}{hline 11}{hline 11}{hline 9}{hline 8}{hline 13}{hline 12}
{res}{txt}
{com}. 
{txt}end of do-file

{com}. do "C:\Users\ak29\AppData\Local\Temp\STD283c_000000.tmp"
{txt}
{com}. gen D_M2_Y = log_M - log_M[_n-1]
{txt}(1 missing value generated)

{com}. assert year = year[_n-1] + 1
{err}invalid syntax
{txt}{search r(198), local:r(198);}

end of do-file

{search r(198), local:r(198);}

{com}. do "C:\Users\ak29\AppData\Local\Temp\STD283c_000000.tmp"
{txt}
{com}. assert year == year[_n-1] + 1
{txt}1 contradiction in 57 observations
{err}assertion is false
{txt}{search r(9), local:r(9);}

end of do-file

{search r(9), local:r(9);}

{com}. do "C:\Users\ak29\AppData\Local\Temp\STD283c_000000.tmp"
{txt}
{com}. sort year
{txt}
{com}. 
{txt}end of do-file

{com}. do "C:\Users\ak29\AppData\Local\Temp\STD283c_000000.tmp"
{txt}
{com}. sort year
{txt}
{com}. 
{txt}end of do-file

{com}. do "C:\Users\ak29\AppData\Local\Temp\STD283c_000000.tmp"
{txt}
{com}. assert year == year[_n-1] + 1 if _n>1
{txt}
{com}. 
{txt}end of do-file

{com}. do "C:\Users\ak29\AppData\Local\Temp\STD283c_000000.tmp"
{txt}
{com}. reg D_P D_M2 l.D_P l.resid

{txt}      Source {c |}       SS           df       MS      Number of obs   ={res}        55
{txt}{hline 13}{c +}{hline 34}   F(3, 51)        = {res}    23.16
{txt}       Model {c |} {res} .088917455         3  .029639152   {txt}Prob > F        ={res}    0.0000
{txt}    Residual {c |} {res}  .06526433        51  .001279693   {txt}R-squared       ={res}    0.5767
{txt}{hline 13}{c +}{hline 34}   Adj R-squared   ={res}    0.5518
{txt}       Total {c |} {res} .154181786        54  .002855218   {txt}Root MSE        =   {res} .03577

{txt}{hline 13}{c TT}{hline 11}{hline 11}{hline 9}{hline 8}{hline 13}{hline 12}
{col 1}         D_P{col 14}{c |}      Coef.{col 26}   Std. Err.{col 38}      t{col 46}   P>|t|{col 54}     [95% Con{col 67}f. Interval]
{hline 13}{c +}{hline 11}{hline 11}{hline 9}{hline 8}{hline 13}{hline 12}
{space 6}D_M2_Y {c |}{col 14}{res}{space 2}  .176423{col 26}{space 2} .0429268{col 37}{space 1}    4.11{col 46}{space 3}0.000{col 54}{space 4} .0902439{col 67}{space 3} .2626022
{txt}{space 12} {c |}
{space 9}D_P {c |}
{space 9}L1. {c |}{col 14}{res}{space 2} .5343861{col 26}{space 2} .0976834{col 37}{space 1}    5.47{col 46}{space 3}0.000{col 54}{space 4} .3382786{col 67}{space 3} .7304936
{txt}{space 12} {c |}
{space 7}resid {c |}
{space 9}L1. {c |}{col 14}{res}{space 2} .0027763{col 26}{space 2} .0089972{col 37}{space 1}    0.31{col 46}{space 3}0.759{col 54}{space 4}-.0152863{col 67}{space 3}  .020839
{txt}{space 12} {c |}
{space 7}_cons {c |}{col 14}{res}{space 2}-.0022059{col 26}{space 2} .0067799{col 37}{space 1}   -0.33{col 46}{space 3}0.746{col 54}{space 4}-.0158172{col 67}{space 3} .0114053
{txt}{hline 13}{c BT}{hline 11}{hline 11}{hline 9}{hline 8}{hline 13}{hline 12}
{res}{txt}
{com}. 
{txt}end of do-file

{com}. help redis

. do "C:\Users\ak29\AppData\Local\Temp\STD283c_000000.tmp"
{txt}
{com}. /*******************************************************************************
> Author: Alex Kaufman
> Description: HW 2 - Unit Root tests
> Date: 10/2
> *******************************SET UP******************************************/
. cd "\\Files\ak29\ClusterDownloads\Econometrics\TimeSeries"
{res}\\Files\ak29\ClusterDownloads\Econometrics\TimeSeries
{txt}
{com}. 
. cap log using HW2
{txt}
{com}. 
. 
. *install programs
. cap ssc install ersur
{txt}
{com}. cap ssc install kpss
{txt}
{com}. 
. *load the data
. clear
{txt}
{com}. import excel "\\files\ak29\ClusterDownloads\Chow-Wang Data.xls", sheet("Sheet1")
{res}{txt}
{com}. 
. ********************************PREP DATA***************************************
. ren A year
{res}{txt}
{com}. ren B P
{res}{txt}
{com}. ren C M2
{res}{txt}
{com}. ren D Y
{res}{txt}
{com}. 
. sort year
{txt}
{com}. gen log_M2_Y = log(M2/Y)
{txt}
{com}. gen log_P    = log(P)
{txt}
{com}. gen D_P    = log_P - log_P[_n-1]
{txt}(1 missing value generated)

{com}. gen D_M2_Y = log_M - log_M[_n-1]
{txt}(1 missing value generated)

{com}. assert year == year[_n-1] + 1 if _n>1
{txt}
{com}. 
. *declare data to be time series
. tsset year
{res}{txt}{col 9}time variable:  {res}{col 25}year, 1952 to 2008
{txt}{col 17}delta:  {res}1 unit
{txt}
{com}. 
. *********************************ANALYSIS***************************************
. 
. *replicate equation 1
. reg log_P log_M

{txt}      Source {c |}       SS           df       MS      Number of obs   ={res}        57
{txt}{hline 13}{c +}{hline 34}   F(1, 55)        = {res}  1989.69
{txt}       Model {c |} {res} 18.0449479         1  18.0449479   {txt}Prob > F        ={res}    0.0000
{txt}    Residual {c |} {res} .498808067        55  .009069238   {txt}R-squared       ={res}    0.9731
{txt}{hline 13}{c +}{hline 34}   Adj R-squared   ={res}    0.9726
{txt}       Total {c |} {res} 18.5437559        56  .331138499   {txt}Root MSE        =   {res} .09523

{txt}{hline 13}{c TT}{hline 11}{hline 11}{hline 9}{hline 8}{hline 13}{hline 12}
{col 1}       log_P{col 14}{c |}      Coef.{col 26}   Std. Err.{col 38}      t{col 46}   P>|t|{col 54}     [95% Con{col 67}f. Interval]
{hline 13}{c +}{hline 11}{hline 11}{hline 9}{hline 8}{hline 13}{hline 12}
{space 4}log_M2_Y {c |}{col 14}{res}{space 2} .3687654{col 26}{space 2} .0082672{col 37}{space 1}   44.61{col 46}{space 3}0.000{col 54}{space 4} .3521976{col 67}{space 3} .3853332
{txt}{space 7}_cons {c |}{col 14}{res}{space 2}-.7017055{col 26}{space 2} .0281671{col 37}{space 1}  -24.91{col 46}{space 3}0.000{col 54}{space 4}-.7581537{col 67}{space 3}-.6452572
{txt}{hline 13}{c BT}{hline 11}{hline 11}{hline 9}{hline 8}{hline 13}{hline 12}
{res}{txt}
{com}. predict resid
{txt}(option {bf:xb} assumed; fitted values)

{com}. 
. 
. *replicate equation 2
. reg D_P D_M2 l.D_P l.resid

{txt}      Source {c |}       SS           df       MS      Number of obs   ={res}        55
{txt}{hline 13}{c +}{hline 34}   F(3, 51)        = {res}    23.16
{txt}       Model {c |} {res} .088917455         3  .029639152   {txt}Prob > F        ={res}    0.0000
{txt}    Residual {c |} {res}  .06526433        51  .001279693   {txt}R-squared       ={res}    0.5767
{txt}{hline 13}{c +}{hline 34}   Adj R-squared   ={res}    0.5518
{txt}       Total {c |} {res} .154181786        54  .002855218   {txt}Root MSE        =   {res} .03577

{txt}{hline 13}{c TT}{hline 11}{hline 11}{hline 9}{hline 8}{hline 13}{hline 12}
{col 1}         D_P{col 14}{c |}      Coef.{col 26}   Std. Err.{col 38}      t{col 46}   P>|t|{col 54}     [95% Con{col 67}f. Interval]
{hline 13}{c +}{hline 11}{hline 11}{hline 9}{hline 8}{hline 13}{hline 12}
{space 6}D_M2_Y {c |}{col 14}{res}{space 2}  .176423{col 26}{space 2} .0429268{col 37}{space 1}    4.11{col 46}{space 3}0.000{col 54}{space 4} .0902439{col 67}{space 3} .2626022
{txt}{space 12} {c |}
{space 9}D_P {c |}
{space 9}L1. {c |}{col 14}{res}{space 2} .5343861{col 26}{space 2} .0976834{col 37}{space 1}    5.47{col 46}{space 3}0.000{col 54}{space 4} .3382786{col 67}{space 3} .7304936
{txt}{space 12} {c |}
{space 7}resid {c |}
{space 9}L1. {c |}{col 14}{res}{space 2} .0027763{col 26}{space 2} .0089972{col 37}{space 1}    0.31{col 46}{space 3}0.759{col 54}{space 4}-.0152863{col 67}{space 3}  .020839
{txt}{space 12} {c |}
{space 7}_cons {c |}{col 14}{res}{space 2}-.0022059{col 26}{space 2} .0067799{col 37}{space 1}   -0.33{col 46}{space 3}0.746{col 54}{space 4}-.0158172{col 67}{space 3} .0114053
{txt}{hline 13}{c BT}{hline 11}{hline 11}{hline 9}{hline 8}{hline 13}{hline 12}
{res}{txt}
{com}. 
. *Dickey Fuller Tests for Stationarity
. dfuller log_P, lags(1) trend

{txt}Augmented Dickey-Fuller test for unit root         Number of obs   = {res}       55

{txt}{col 32}{hline 10} Interpolated Dickey-Fuller {hline 9}
                  Test         1% Critical       5% Critical      10% Critical
               Statistic           Value             Value             Value
{hline 78}
 Z(t)         {res}    -2.016            -4.139            -3.495            -3.177
{txt}{hline 78}
MacKinnon approximate p-value for Z(t) = {res}0.5929
{txt}
{com}. dfuller log_M2_Y

{txt}Dickey-Fuller test for unit root                   Number of obs   = {res}       56

{txt}{col 32}{hline 10} Interpolated Dickey-Fuller {hline 9}
                  Test         1% Critical       5% Critical      10% Critical
               Statistic           Value             Value             Value
{hline 78}
 Z(t)         {res}     1.044            -3.572            -2.925            -2.598
{txt}{hline 78}
MacKinnon approximate p-value for Z(t) = {res}0.9947
{txt}
{com}. 
. *Johansen test for cointegration
. vecrank log*, lags(5) 
{res}
{txt}{center 79:Johansen tests for cointegration}
Trend: constant{col 57}Number of obs = {res}{col 6}     52
{txt}Sample:  {res}1957 - 2008{txt}{col 66}Lags = {res}      5
{txt}{hline 79}
{col 58}5%
maximum{col 46}trace{col 55}critical
  rank{col 11}parms{col 23}LL{col 32}eigenvalue{col 44}statistic{col 57}value
{col 3}{res}  0{col 12}18  {col 19} 149.36435{col 33}       .{col 44}   9.2131{help vecrankstar##|_new:*}{col 55}  15.41
{col 3}  1{col 12}21  {col 19} 153.93814{col 33} 0.16131{col 44}   0.0655{col 55}   3.76
{col 3}  2{col 12}22  {col 19} 153.97088{col 33} 0.00126
{txt}{hline 79}

{com}. 
. *
. 
{txt}end of do-file

{com}. do "C:\Users\ak29\AppData\Local\Temp\STD283c_000000.tmp"
{txt}
{com}. reg log_P log_M

{txt}      Source {c |}       SS           df       MS      Number of obs   ={res}        57
{txt}{hline 13}{c +}{hline 34}   F(1, 55)        = {res}  1989.69
{txt}       Model {c |} {res} 18.0449479         1  18.0449479   {txt}Prob > F        ={res}    0.0000
{txt}    Residual {c |} {res} .498808067        55  .009069238   {txt}R-squared       ={res}    0.9731
{txt}{hline 13}{c +}{hline 34}   Adj R-squared   ={res}    0.9726
{txt}       Total {c |} {res} 18.5437559        56  .331138499   {txt}Root MSE        =   {res} .09523

{txt}{hline 13}{c TT}{hline 11}{hline 11}{hline 9}{hline 8}{hline 13}{hline 12}
{col 1}       log_P{col 14}{c |}      Coef.{col 26}   Std. Err.{col 38}      t{col 46}   P>|t|{col 54}     [95% Con{col 67}f. Interval]
{hline 13}{c +}{hline 11}{hline 11}{hline 9}{hline 8}{hline 13}{hline 12}
{space 4}log_M2_Y {c |}{col 14}{res}{space 2} .3687654{col 26}{space 2} .0082672{col 37}{space 1}   44.61{col 46}{space 3}0.000{col 54}{space 4} .3521976{col 67}{space 3} .3853332
{txt}{space 7}_cons {c |}{col 14}{res}{space 2}-.7017055{col 26}{space 2} .0281671{col 37}{space 1}  -24.91{col 46}{space 3}0.000{col 54}{space 4}-.7581537{col 67}{space 3}-.6452572
{txt}{hline 13}{c BT}{hline 11}{hline 11}{hline 9}{hline 8}{hline 13}{hline 12}
{res}{txt}
{com}. 
{txt}end of do-file

{com}. predict xb
{txt}(option {bf:xb} assumed; fitted values)

{com}. gen test = log_P - xb

. br

. do "C:\Users\ak29\AppData\Local\Temp\STD283c_000000.tmp"
{txt}
{com}. reg log_P log_M

{txt}      Source {c |}       SS           df       MS      Number of obs   ={res}        57
{txt}{hline 13}{c +}{hline 34}   F(1, 55)        = {res}  1989.69
{txt}       Model {c |} {res} 18.0449479         1  18.0449479   {txt}Prob > F        ={res}    0.0000
{txt}    Residual {c |} {res} .498808067        55  .009069238   {txt}R-squared       ={res}    0.9731
{txt}{hline 13}{c +}{hline 34}   Adj R-squared   ={res}    0.9726
{txt}       Total {c |} {res} 18.5437559        56  .331138499   {txt}Root MSE        =   {res} .09523

{txt}{hline 13}{c TT}{hline 11}{hline 11}{hline 9}{hline 8}{hline 13}{hline 12}
{col 1}       log_P{col 14}{c |}      Coef.{col 26}   Std. Err.{col 38}      t{col 46}   P>|t|{col 54}     [95% Con{col 67}f. Interval]
{hline 13}{c +}{hline 11}{hline 11}{hline 9}{hline 8}{hline 13}{hline 12}
{space 4}log_M2_Y {c |}{col 14}{res}{space 2} .3687654{col 26}{space 2} .0082672{col 37}{space 1}   44.61{col 46}{space 3}0.000{col 54}{space 4} .3521976{col 67}{space 3} .3853332
{txt}{space 7}_cons {c |}{col 14}{res}{space 2}-.7017055{col 26}{space 2} .0281671{col 37}{space 1}  -24.91{col 46}{space 3}0.000{col 54}{space 4}-.7581537{col 67}{space 3}-.6452572
{txt}{hline 13}{c BT}{hline 11}{hline 11}{hline 9}{hline 8}{hline 13}{hline 12}
{res}{txt}
{com}. predict xb
{err}variable {bf}xb{sf} already defined
{txt}{search r(110), local:r(110);}

end of do-file

{search r(110), local:r(110);}

{com}. do "C:\Users\ak29\AppData\Local\Temp\STD283c_000000.tmp"
{txt}
{com}. reg D_P D_M2 l.D_P l.u_t
{err}variable {bf}u_t{sf} not found
{txt}{search r(111), local:r(111);}

end of do-file

{search r(111), local:r(111);}

{com}. do "C:\Users\ak29\AppData\Local\Temp\STD283c_000000.tmp"
{txt}
{com}. /*******************************************************************************
> Author: Alex Kaufman
> Description: HW 2 - Unit Root tests
> Date: 10/2
> *******************************SET UP******************************************/
. cd "\\Files\ak29\ClusterDownloads\Econometrics\TimeSeries"
{res}\\Files\ak29\ClusterDownloads\Econometrics\TimeSeries
{txt}
{com}. 
. cap log using HW2
{txt}
{com}. 
. 
. *install programs
. cap ssc install ersur
{txt}
{com}. cap ssc install kpss
{txt}
{com}. 
. *load the data
. clear
{txt}
{com}. import excel "\\files\ak29\ClusterDownloads\Chow-Wang Data.xls", sheet("Sheet1")
{res}{txt}
{com}. 
. ********************************PREP DATA***************************************
. ren A year
{res}{txt}
{com}. ren B P
{res}{txt}
{com}. ren C M2
{res}{txt}
{com}. ren D Y
{res}{txt}
{com}. 
. sort year
{txt}
{com}. gen log_M2_Y = log(M2/Y)
{txt}
{com}. gen log_P    = log(P)
{txt}
{com}. gen D_P    = log_P - log_P[_n-1]
{txt}(1 missing value generated)

{com}. gen D_M2_Y = log_M - log_M[_n-1]
{txt}(1 missing value generated)

{com}. assert year == year[_n-1] + 1 if _n>1
{txt}
{com}. 
. *declare data to be time series
. tsset year
{res}{txt}{col 9}time variable:  {res}{col 25}year, 1952 to 2008
{txt}{col 17}delta:  {res}1 unit
{txt}
{com}. 
. *********************************ANALYSIS***************************************
. 
. *replicate equation 1
. reg log_P log_M

{txt}      Source {c |}       SS           df       MS      Number of obs   ={res}        57
{txt}{hline 13}{c +}{hline 34}   F(1, 55)        = {res}  1989.69
{txt}       Model {c |} {res} 18.0449479         1  18.0449479   {txt}Prob > F        ={res}    0.0000
{txt}    Residual {c |} {res} .498808067        55  .009069238   {txt}R-squared       ={res}    0.9731
{txt}{hline 13}{c +}{hline 34}   Adj R-squared   ={res}    0.9726
{txt}       Total {c |} {res} 18.5437559        56  .331138499   {txt}Root MSE        =   {res} .09523

{txt}{hline 13}{c TT}{hline 11}{hline 11}{hline 9}{hline 8}{hline 13}{hline 12}
{col 1}       log_P{col 14}{c |}      Coef.{col 26}   Std. Err.{col 38}      t{col 46}   P>|t|{col 54}     [95% Con{col 67}f. Interval]
{hline 13}{c +}{hline 11}{hline 11}{hline 9}{hline 8}{hline 13}{hline 12}
{space 4}log_M2_Y {c |}{col 14}{res}{space 2} .3687654{col 26}{space 2} .0082672{col 37}{space 1}   44.61{col 46}{space 3}0.000{col 54}{space 4} .3521976{col 67}{space 3} .3853332
{txt}{space 7}_cons {c |}{col 14}{res}{space 2}-.7017055{col 26}{space 2} .0281671{col 37}{space 1}  -24.91{col 46}{space 3}0.000{col 54}{space 4}-.7581537{col 67}{space 3}-.6452572
{txt}{hline 13}{c BT}{hline 11}{hline 11}{hline 9}{hline 8}{hline 13}{hline 12}
{res}{txt}
{com}. predict xb
{txt}(option {bf:xb} assumed; fitted values)

{com}. gen u_t =  log_P - xb
{txt}
{com}. 
. 
. *replicate equation 2
. reg D_P D_M2 l.D_P l.u_t

{txt}      Source {c |}       SS           df       MS      Number of obs   ={res}        55
{txt}{hline 13}{c +}{hline 34}   F(3, 51)        = {res}    31.55
{txt}       Model {c |} {res} .100195463         3  .033398488   {txt}Prob > F        ={res}    0.0000
{txt}    Residual {c |} {res} .053986323        51  .001058555   {txt}R-squared       ={res}    0.6499
{txt}{hline 13}{c +}{hline 34}   Adj R-squared   ={res}    0.6293
{txt}       Total {c |} {res} .154181786        54  .002855218   {txt}Root MSE        =   {res} .03254

{txt}{hline 13}{c TT}{hline 11}{hline 11}{hline 9}{hline 8}{hline 13}{hline 12}
{col 1}         D_P{col 14}{c |}      Coef.{col 26}   Std. Err.{col 38}      t{col 46}   P>|t|{col 54}     [95% Con{col 67}f. Interval]
{hline 13}{c +}{hline 11}{hline 11}{hline 9}{hline 8}{hline 13}{hline 12}
{space 6}D_M2_Y {c |}{col 14}{res}{space 2} .1550331{col 26}{space 2} .0395534{col 37}{space 1}    3.92{col 46}{space 3}0.000{col 54}{space 4} .0756263{col 67}{space 3} .2344399
{txt}{space 12} {c |}
{space 9}D_P {c |}
{space 9}L1. {c |}{col 14}{res}{space 2}  .532429{col 26}{space 2} .0872303{col 37}{space 1}    6.10{col 46}{space 3}0.000{col 54}{space 4} .3573069{col 67}{space 3} .7075511
{txt}{space 12} {c |}
{space 9}u_t {c |}
{space 9}L1. {c |}{col 14}{res}{space 2}-.1544624{col 26}{space 2} .0470684{col 37}{space 1}   -3.28{col 46}{space 3}0.002{col 54}{space 4}-.2489563{col 67}{space 3}-.0599686
{txt}{space 12} {c |}
{space 7}_cons {c |}{col 14}{res}{space 2} .0005943{col 26}{space 2} .0055508{col 37}{space 1}    0.11{col 46}{space 3}0.915{col 54}{space 4}-.0105493{col 67}{space 3}  .011738
{txt}{hline 13}{c BT}{hline 11}{hline 11}{hline 9}{hline 8}{hline 13}{hline 12}
{res}{txt}
{com}. 
. *Dickey Fuller Tests for Stationarity
. dfuller log_P, lags(1) trend

{txt}Augmented Dickey-Fuller test for unit root         Number of obs   = {res}       55

{txt}{col 32}{hline 10} Interpolated Dickey-Fuller {hline 9}
                  Test         1% Critical       5% Critical      10% Critical
               Statistic           Value             Value             Value
{hline 78}
 Z(t)         {res}    -2.016            -4.139            -3.495            -3.177
{txt}{hline 78}
MacKinnon approximate p-value for Z(t) = {res}0.5929
{txt}
{com}. dfuller log_M2_Y

{txt}Dickey-Fuller test for unit root                   Number of obs   = {res}       56

{txt}{col 32}{hline 10} Interpolated Dickey-Fuller {hline 9}
                  Test         1% Critical       5% Critical      10% Critical
               Statistic           Value             Value             Value
{hline 78}
 Z(t)         {res}     1.044            -3.572            -2.925            -2.598
{txt}{hline 78}
MacKinnon approximate p-value for Z(t) = {res}0.9947
{txt}
{com}. 
. *Johansen test for cointegration
. vecrank log*, lags(5) 
{res}
{txt}{center 79:Johansen tests for cointegration}
Trend: constant{col 57}Number of obs = {res}{col 6}     52
{txt}Sample:  {res}1957 - 2008{txt}{col 66}Lags = {res}      5
{txt}{hline 79}
{col 58}5%
maximum{col 46}trace{col 55}critical
  rank{col 11}parms{col 23}LL{col 32}eigenvalue{col 44}statistic{col 57}value
{col 3}{res}  0{col 12}18  {col 19} 149.36435{col 33}       .{col 44}   9.2131{help vecrankstar##|_new:*}{col 55}  15.41
{col 3}  1{col 12}21  {col 19} 153.93814{col 33} 0.16131{col 44}   0.0655{col 55}   3.76
{col 3}  2{col 12}22  {col 19} 153.97088{col 33} 0.00126
{txt}{hline 79}

{com}. 
. *
. 
{txt}end of do-file

{com}. ssc install egranger
{txt}checking {hilite:egranger} consistency and verifying not already installed...
installing into c:\ado\plus\...
installation complete.

{com}. help egranger

. egranger log_P log_M

{txt}Engle-Granger test for cointegration{col 55}N (1st step)  ={res}       57
{col 55}{txt}N (test)      ={res}       56
{txt}{hline 78}
{col 19}Test{col 32}1% Critical{col 50}5% Critical{col 67}10% Critical
{col 16}Statistic{col 36}Value{col 54}Value{col 72}Value
{hline 78}
 Z(t){col 15}{res}    -1.922{col 33}    -4.099{col 51}    -3.447{col 69}    -3.121

{txt}Critical values from MacKinnon (1990, 2010)

{com}. egranger log_P log_M, lags(5) trend
{res}Replacing variable _egresid...

{txt}Augmented Engle-Granger test for cointegration{col 55}N (1st step)  ={res}       57
{txt}Number of lags   = {res} 5{col 55}{txt}N (test)      ={res}       51
{txt}1st step includes linear trend
{hline 78}
{col 19}Test{col 32}1% Critical{col 50}5% Critical{col 67}10% Critical
{col 16}Statistic{col 36}Value{col 54}Value{col 72}Value
{hline 78}
 Z(t){col 15}{res}    -2.540{col 33}    -4.615{col 51}    -3.954{col 69}    -3.625

{txt}Critical values from MacKinnon (1990, 2010)

{com}. egranger log_P log_M, lags(5) trend regress
{res}Replacing variable _egresid...

{txt}Augmented Engle-Granger test for cointegration{col 55}N (1st step)  ={res}       57
{txt}Number of lags   = {res} 5{col 55}{txt}N (test)      ={res}       51
{txt}1st step includes linear trend
{hline 78}
{col 19}Test{col 32}1% Critical{col 50}5% Critical{col 67}10% Critical
{col 16}Statistic{col 36}Value{col 54}Value{col 72}Value
{hline 78}
 Z(t){col 15}{res}    -2.540{col 33}    -4.615{col 51}    -3.954{col 69}    -3.625

{txt}Critical values from MacKinnon (1990, 2010)
{hline 78}
{res}Engle-Granger 1st-step regression
{txt}{hline 13}{c TT}{hline 11}{hline 11}{hline 9}{hline 8}{hline 13}{hline 12}
{col 1}       log_P{col 14}{c |}      Coef.{col 26}   Std. Err.{col 38}      t{col 46}   P>|t|{col 54}     [95% Con{col 67}f. Interval]
{hline 13}{c +}{hline 11}{hline 11}{hline 9}{hline 8}{hline 13}{hline 12}
{space 4}log_M2_Y {c |}{col 14}{res}{space 2} .4587533{col 26}{space 2} .0229953{col 37}{space 1}   19.95{col 46}{space 3}0.000{col 54}{space 4} .4126506{col 67}{space 3} .5048561
{txt}{space 6}_trend {c |}{col 14}{res}{space 2}-.0087975{col 26}{space 2} .0021326{col 37}{space 1}   -4.13{col 46}{space 3}0.000{col 54}{space 4}-.0130731{col 67}{space 3}-.0045219
{txt}{space 7}_cons {c |}{col 14}{res}{space 2}-.7295113{col 26}{space 2} .0256881{col 37}{space 1}  -28.40{col 46}{space 3}0.000{col 54}{space 4}-.7810128{col 67}{space 3}-.6780098
{txt}{hline 13}{c BT}{hline 11}{hline 11}{hline 9}{hline 8}{hline 13}{hline 12}
{res}Engle-Granger test regression
{txt}{hline 13}{c TT}{hline 11}{hline 11}{hline 9}{hline 8}{hline 13}{hline 12}
{col 1}  D._egresid{col 14}{c |}      Coef.{col 26}   Std. Err.{col 38}      t{col 46}   P>|t|{col 54}     [95% Con{col 67}f. Interval]
{hline 13}{c +}{hline 11}{hline 11}{hline 9}{hline 8}{hline 13}{hline 12}
{space 4}_egresid {c |}
{space 9}L1. {c |}{col 14}{res}{space 2} -.279454{col 26}{space 2} .1100008{col 37}{space 1}   -2.54{col 46}{space 3}0.015{col 54}{space 4}-.5010071{col 67}{space 3} -.057901
{txt}{space 9}LD. {c |}{col 14}{res}{space 2} .4612043{col 26}{space 2}  .148836{col 37}{space 1}    3.10{col 46}{space 3}0.003{col 54}{space 4} .1614332{col 67}{space 3} .7609754
{txt}{space 8}L2D. {c |}{col 14}{res}{space 2} .0199293{col 26}{space 2} .1561542{col 37}{space 1}    0.13{col 46}{space 3}0.899{col 54}{space 4}-.2945815{col 67}{space 3}   .33444
{txt}{space 8}L3D. {c |}{col 14}{res}{space 2} .0078843{col 26}{space 2} .1474182{col 37}{space 1}    0.05{col 46}{space 3}0.958{col 54}{space 4}-.2890312{col 67}{space 3} .3047998
{txt}{space 8}L4D. {c |}{col 14}{res}{space 2} .0382133{col 26}{space 2} .1436225{col 37}{space 1}    0.27{col 46}{space 3}0.791{col 54}{space 4}-.2510572{col 67}{space 3} .3274839
{txt}{space 8}L5D. {c |}{col 14}{res}{space 2} .0518984{col 26}{space 2} .1424183{col 37}{space 1}    0.36{col 46}{space 3}0.717{col 54}{space 4}-.2349468{col 67}{space 3} .3387436
{txt}{hline 13}{c BT}{hline 11}{hline 11}{hline 9}{hline 8}{hline 13}{hline 12}

{com}. egranger log_P log_M, ecm
{res}Replacing variable _egresid...

{txt}Engle-Granger 2-step ECM estimation{col 55}N (1st step)  ={res}       57
{col 55}{txt}N (2nd step)  ={res}       55

Engle-Granger 2-step ECM
{txt}{hline 13}{c TT}{hline 11}{hline 11}{hline 9}{hline 8}{hline 13}{hline 12}
{col 1}     D.log_P{col 14}{c |}      Coef.{col 26}   Std. Err.{col 38}      t{col 46}   P>|t|{col 54}     [95% Con{col 67}f. Interval]
{hline 13}{c +}{hline 11}{hline 11}{hline 9}{hline 8}{hline 13}{hline 12}
{space 4}_egresid {c |}
{space 9}L1. {c |}{col 14}{res}{space 2} -.136338{col 26}{space 2} .0696388{col 37}{space 1}   -1.96{col 46}{space 3}0.056{col 54}{space 4}-.2760786{col 67}{space 3} .0034025
{txt}{space 12} {c |}
{space 4}log_M2_Y {c |}
{space 9}LD. {c |}{col 14}{res}{space 2} .1781899{col 26}{space 2} .0554622{col 37}{space 1}    3.21{col 46}{space 3}0.002{col 54}{space 4} .0668969{col 67}{space 3} .2894829
{txt}{space 12} {c |}
{space 7}_cons {c |}{col 14}{res}{space 2} .0138234{col 26}{space 2} .0075807{col 37}{space 1}    1.82{col 46}{space 3}0.074{col 54}{space 4}-.0013884{col 67}{space 3} .0290353
{txt}{hline 13}{c BT}{hline 11}{hline 11}{hline 9}{hline 8}{hline 13}{hline 12}

{com}. egranger log_P log_M, ecm lags(5)
{res}Replacing variable _egresid...

{txt}Engle-Granger 2-step ECM estimation{col 55}N (1st step)  ={res}       57
{txt}Number of lags   = {res} 5{col 55}{txt}N (2nd step)  ={res}       51

Engle-Granger 2-step ECM
{txt}{hline 13}{c TT}{hline 11}{hline 11}{hline 9}{hline 8}{hline 13}{hline 12}
{col 1}     D.log_P{col 14}{c |}      Coef.{col 26}   Std. Err.{col 38}      t{col 46}   P>|t|{col 54}     [95% Con{col 67}f. Interval]
{hline 13}{c +}{hline 11}{hline 11}{hline 9}{hline 8}{hline 13}{hline 12}
{space 4}_egresid {c |}
{space 9}L1. {c |}{col 14}{res}{space 2}-.2089787{col 26}{space 2}  .078828{col 37}{space 1}   -2.65{col 46}{space 3}0.012{col 54}{space 4}-.3684233{col 67}{space 3}-.0495341
{txt}{space 12} {c |}
{space 7}log_P {c |}
{space 9}LD. {c |}{col 14}{res}{space 2} .8768282{col 26}{space 2} .1644221{col 37}{space 1}    5.33{col 46}{space 3}0.000{col 54}{space 4}  .544253{col 67}{space 3} 1.209403
{txt}{space 8}L2D. {c |}{col 14}{res}{space 2}-.4553653{col 26}{space 2} .2127187{col 37}{space 1}   -2.14{col 46}{space 3}0.039{col 54}{space 4}-.8856295{col 67}{space 3}-.0251011
{txt}{space 8}L3D. {c |}{col 14}{res}{space 2} .3281442{col 26}{space 2} .2117847{col 37}{space 1}    1.55{col 46}{space 3}0.129{col 54}{space 4}-.1002307{col 67}{space 3} .7565191
{txt}{space 8}L4D. {c |}{col 14}{res}{space 2}-.1797878{col 26}{space 2} .1965146{col 37}{space 1}   -0.91{col 46}{space 3}0.366{col 54}{space 4}-.5772762{col 67}{space 3} .2177005
{txt}{space 8}L5D. {c |}{col 14}{res}{space 2} .1873536{col 26}{space 2} .1510489{col 37}{space 1}    1.24{col 46}{space 3}0.222{col 54}{space 4}-.1181716{col 67}{space 3} .4928787
{txt}{space 12} {c |}
{space 4}log_M2_Y {c |}
{space 9}LD. {c |}{col 14}{res}{space 2} -.009659{col 26}{space 2} .0621479{col 37}{space 1}   -0.16{col 46}{space 3}0.877{col 54}{space 4}-.1353649{col 67}{space 3} .1160469
{txt}{space 8}L2D. {c |}{col 14}{res}{space 2}-.0533164{col 26}{space 2} .0601029{col 37}{space 1}   -0.89{col 46}{space 3}0.380{col 54}{space 4}-.1748861{col 67}{space 3} .0682532
{txt}{space 8}L3D. {c |}{col 14}{res}{space 2}  .044143{col 26}{space 2} .0586047{col 37}{space 1}    0.75{col 46}{space 3}0.456{col 54}{space 4}-.0743961{col 67}{space 3} .1626822
{txt}{space 8}L4D. {c |}{col 14}{res}{space 2}-.0352068{col 26}{space 2} .0576122{col 37}{space 1}   -0.61{col 46}{space 3}0.545{col 54}{space 4}-.1517386{col 67}{space 3}  .081325
{txt}{space 8}L5D. {c |}{col 14}{res}{space 2} .0750228{col 26}{space 2} .0575328{col 37}{space 1}    1.30{col 46}{space 3}0.200{col 54}{space 4}-.0413482{col 67}{space 3} .1913938
{txt}{space 12} {c |}
{space 7}_cons {c |}{col 14}{res}{space 2} .0041941{col 26}{space 2} .0084252{col 37}{space 1}    0.50{col 46}{space 3}0.621{col 54}{space 4}-.0128474{col 67}{space 3} .0212356
{txt}{hline 13}{c BT}{hline 11}{hline 11}{hline 9}{hline 8}{hline 13}{hline 12}

{com}. do "C:\Users\ak29\AppData\Local\Temp\STD283c_000000.tmp"
{txt}
{com}. reg D_P D_M2 l.D_P l.u_t

{txt}      Source {c |}       SS           df       MS      Number of obs   ={res}        55
{txt}{hline 13}{c +}{hline 34}   F(3, 51)        = {res}    31.55
{txt}       Model {c |} {res} .100195463         3  .033398488   {txt}Prob > F        ={res}    0.0000
{txt}    Residual {c |} {res} .053986323        51  .001058555   {txt}R-squared       ={res}    0.6499
{txt}{hline 13}{c +}{hline 34}   Adj R-squared   ={res}    0.6293
{txt}       Total {c |} {res} .154181786        54  .002855218   {txt}Root MSE        =   {res} .03254

{txt}{hline 13}{c TT}{hline 11}{hline 11}{hline 9}{hline 8}{hline 13}{hline 12}
{col 1}         D_P{col 14}{c |}      Coef.{col 26}   Std. Err.{col 38}      t{col 46}   P>|t|{col 54}     [95% Con{col 67}f. Interval]
{hline 13}{c +}{hline 11}{hline 11}{hline 9}{hline 8}{hline 13}{hline 12}
{space 6}D_M2_Y {c |}{col 14}{res}{space 2} .1550331{col 26}{space 2} .0395534{col 37}{space 1}    3.92{col 46}{space 3}0.000{col 54}{space 4} .0756263{col 67}{space 3} .2344399
{txt}{space 12} {c |}
{space 9}D_P {c |}
{space 9}L1. {c |}{col 14}{res}{space 2}  .532429{col 26}{space 2} .0872303{col 37}{space 1}    6.10{col 46}{space 3}0.000{col 54}{space 4} .3573069{col 67}{space 3} .7075511
{txt}{space 12} {c |}
{space 9}u_t {c |}
{space 9}L1. {c |}{col 14}{res}{space 2}-.1544624{col 26}{space 2} .0470684{col 37}{space 1}   -3.28{col 46}{space 3}0.002{col 54}{space 4}-.2489563{col 67}{space 3}-.0599686
{txt}{space 12} {c |}
{space 7}_cons {c |}{col 14}{res}{space 2} .0005943{col 26}{space 2} .0055508{col 37}{space 1}    0.11{col 46}{space 3}0.915{col 54}{space 4}-.0105493{col 67}{space 3}  .011738
{txt}{hline 13}{c BT}{hline 11}{hline 11}{hline 9}{hline 8}{hline 13}{hline 12}
{res}{txt}
{com}. reg D.log_P D.log_M2 l(1/2)D.log_P l.u_t

{txt}      Source {c |}       SS           df       MS      Number of obs   ={res}        54
{txt}{hline 13}{c +}{hline 34}   F(4, 49)        = {res}    24.94
{txt}       Model {c |} {res} .103381255         4  .025845314   {txt}Prob > F        ={res}    0.0000
{txt}    Residual {c |} {res} .050775356        49  .001036232   {txt}R-squared       ={res}    0.6706
{txt}{hline 13}{c +}{hline 34}   Adj R-squared   ={res}    0.6437
{txt}       Total {c |} {res} .154156611        53  .002908615   {txt}Root MSE        =   {res} .03219

{txt}{hline 13}{c TT}{hline 11}{hline 11}{hline 9}{hline 8}{hline 13}{hline 12}
{col 1}     D.log_P{col 14}{c |}      Coef.{col 26}   Std. Err.{col 38}      t{col 46}   P>|t|{col 54}     [95% Con{col 67}f. Interval]
{hline 13}{c +}{hline 11}{hline 11}{hline 9}{hline 8}{hline 13}{hline 12}
{space 4}log_M2_Y {c |}
{space 9}D1. {c |}{col 14}{res}{space 2} .1526756{col 26}{space 2} .0391948{col 37}{space 1}    3.90{col 46}{space 3}0.000{col 54}{space 4} .0739108{col 67}{space 3} .2314404
{txt}{space 12} {c |}
{space 7}log_P {c |}
{space 9}LD. {c |}{col 14}{res}{space 2} .6632629{col 26}{space 2} .1164035{col 37}{space 1}    5.70{col 46}{space 3}0.000{col 54}{space 4} .4293414{col 67}{space 3} .8971845
{txt}{space 8}L2D. {c |}{col 14}{res}{space 2}-.1927651{col 26}{space 2} .1137156{col 37}{space 1}   -1.70{col 46}{space 3}0.096{col 54}{space 4}-.4212851{col 67}{space 3}  .035755
{txt}{space 12} {c |}
{space 9}u_t {c |}
{space 9}L1. {c |}{col 14}{res}{space 2}-.1359894{col 26}{space 2} .0487647{col 37}{space 1}   -2.79{col 46}{space 3}0.008{col 54}{space 4}-.2339857{col 67}{space 3}-.0379932
{txt}{space 12} {c |}
{space 7}_cons {c |}{col 14}{res}{space 2} .0022576{col 26}{space 2} .0056469{col 37}{space 1}    0.40{col 46}{space 3}0.691{col 54}{space 4}-.0090902{col 67}{space 3} .0136055
{txt}{hline 13}{c BT}{hline 11}{hline 11}{hline 9}{hline 8}{hline 13}{hline 12}
{res}{txt}
{com}. 
{txt}end of do-file

{com}. do "C:\Users\ak29\AppData\Local\Temp\STD283c_000000.tmp"
{txt}
{com}. reg D_P D_M2 l.D_P l.u_t

{txt}      Source {c |}       SS           df       MS      Number of obs   ={res}        55
{txt}{hline 13}{c +}{hline 34}   F(3, 51)        = {res}    31.55
{txt}       Model {c |} {res} .100195463         3  .033398488   {txt}Prob > F        ={res}    0.0000
{txt}    Residual {c |} {res} .053986323        51  .001058555   {txt}R-squared       ={res}    0.6499
{txt}{hline 13}{c +}{hline 34}   Adj R-squared   ={res}    0.6293
{txt}       Total {c |} {res} .154181786        54  .002855218   {txt}Root MSE        =   {res} .03254

{txt}{hline 13}{c TT}{hline 11}{hline 11}{hline 9}{hline 8}{hline 13}{hline 12}
{col 1}         D_P{col 14}{c |}      Coef.{col 26}   Std. Err.{col 38}      t{col 46}   P>|t|{col 54}     [95% Con{col 67}f. Interval]
{hline 13}{c +}{hline 11}{hline 11}{hline 9}{hline 8}{hline 13}{hline 12}
{space 6}D_M2_Y {c |}{col 14}{res}{space 2} .1550331{col 26}{space 2} .0395534{col 37}{space 1}    3.92{col 46}{space 3}0.000{col 54}{space 4} .0756263{col 67}{space 3} .2344399
{txt}{space 12} {c |}
{space 9}D_P {c |}
{space 9}L1. {c |}{col 14}{res}{space 2}  .532429{col 26}{space 2} .0872303{col 37}{space 1}    6.10{col 46}{space 3}0.000{col 54}{space 4} .3573069{col 67}{space 3} .7075511
{txt}{space 12} {c |}
{space 9}u_t {c |}
{space 9}L1. {c |}{col 14}{res}{space 2}-.1544624{col 26}{space 2} .0470684{col 37}{space 1}   -3.28{col 46}{space 3}0.002{col 54}{space 4}-.2489563{col 67}{space 3}-.0599686
{txt}{space 12} {c |}
{space 7}_cons {c |}{col 14}{res}{space 2} .0005943{col 26}{space 2} .0055508{col 37}{space 1}    0.11{col 46}{space 3}0.915{col 54}{space 4}-.0105493{col 67}{space 3}  .011738
{txt}{hline 13}{c BT}{hline 11}{hline 11}{hline 9}{hline 8}{hline 13}{hline 12}
{res}{txt}
{com}. reg D.log_P D.log_M2 l.D.log_P l.u_t

{txt}      Source {c |}       SS           df       MS      Number of obs   ={res}        55
{txt}{hline 13}{c +}{hline 34}   F(3, 51)        = {res}    31.55
{txt}       Model {c |} {res} .100195463         3  .033398488   {txt}Prob > F        ={res}    0.0000
{txt}    Residual {c |} {res} .053986323        51  .001058555   {txt}R-squared       ={res}    0.6499
{txt}{hline 13}{c +}{hline 34}   Adj R-squared   ={res}    0.6293
{txt}       Total {c |} {res} .154181786        54  .002855218   {txt}Root MSE        =   {res} .03254

{txt}{hline 13}{c TT}{hline 11}{hline 11}{hline 9}{hline 8}{hline 13}{hline 12}
{col 1}     D.log_P{col 14}{c |}      Coef.{col 26}   Std. Err.{col 38}      t{col 46}   P>|t|{col 54}     [95% Con{col 67}f. Interval]
{hline 13}{c +}{hline 11}{hline 11}{hline 9}{hline 8}{hline 13}{hline 12}
{space 4}log_M2_Y {c |}
{space 9}D1. {c |}{col 14}{res}{space 2} .1550331{col 26}{space 2} .0395534{col 37}{space 1}    3.92{col 46}{space 3}0.000{col 54}{space 4} .0756263{col 67}{space 3} .2344399
{txt}{space 12} {c |}
{space 7}log_P {c |}
{space 9}LD. {c |}{col 14}{res}{space 2}  .532429{col 26}{space 2} .0872303{col 37}{space 1}    6.10{col 46}{space 3}0.000{col 54}{space 4} .3573069{col 67}{space 3} .7075511
{txt}{space 12} {c |}
{space 9}u_t {c |}
{space 9}L1. {c |}{col 14}{res}{space 2}-.1544624{col 26}{space 2} .0470684{col 37}{space 1}   -3.28{col 46}{space 3}0.002{col 54}{space 4}-.2489563{col 67}{space 3}-.0599686
{txt}{space 12} {c |}
{space 7}_cons {c |}{col 14}{res}{space 2} .0005943{col 26}{space 2} .0055508{col 37}{space 1}    0.11{col 46}{space 3}0.915{col 54}{space 4}-.0105493{col 67}{space 3}  .011738
{txt}{hline 13}{c BT}{hline 11}{hline 11}{hline 9}{hline 8}{hline 13}{hline 12}
{res}{txt}
{com}. 
{txt}end of do-file

{com}. egranger log_P log_M, ecm lags(5)
{res}Replacing variable _egresid...

{txt}Engle-Granger 2-step ECM estimation{col 55}N (1st step)  ={res}       57
{txt}Number of lags   = {res} 5{col 55}{txt}N (2nd step)  ={res}       51

Engle-Granger 2-step ECM
{txt}{hline 13}{c TT}{hline 11}{hline 11}{hline 9}{hline 8}{hline 13}{hline 12}
{col 1}     D.log_P{col 14}{c |}      Coef.{col 26}   Std. Err.{col 38}      t{col 46}   P>|t|{col 54}     [95% Con{col 67}f. Interval]
{hline 13}{c +}{hline 11}{hline 11}{hline 9}{hline 8}{hline 13}{hline 12}
{space 4}_egresid {c |}
{space 9}L1. {c |}{col 14}{res}{space 2}-.2089787{col 26}{space 2}  .078828{col 37}{space 1}   -2.65{col 46}{space 3}0.012{col 54}{space 4}-.3684233{col 67}{space 3}-.0495341
{txt}{space 12} {c |}
{space 7}log_P {c |}
{space 9}LD. {c |}{col 14}{res}{space 2} .8768282{col 26}{space 2} .1644221{col 37}{space 1}    5.33{col 46}{space 3}0.000{col 54}{space 4}  .544253{col 67}{space 3} 1.209403
{txt}{space 8}L2D. {c |}{col 14}{res}{space 2}-.4553653{col 26}{space 2} .2127187{col 37}{space 1}   -2.14{col 46}{space 3}0.039{col 54}{space 4}-.8856295{col 67}{space 3}-.0251011
{txt}{space 8}L3D. {c |}{col 14}{res}{space 2} .3281442{col 26}{space 2} .2117847{col 37}{space 1}    1.55{col 46}{space 3}0.129{col 54}{space 4}-.1002307{col 67}{space 3} .7565191
{txt}{space 8}L4D. {c |}{col 14}{res}{space 2}-.1797878{col 26}{space 2} .1965146{col 37}{space 1}   -0.91{col 46}{space 3}0.366{col 54}{space 4}-.5772762{col 67}{space 3} .2177005
{txt}{space 8}L5D. {c |}{col 14}{res}{space 2} .1873536{col 26}{space 2} .1510489{col 37}{space 1}    1.24{col 46}{space 3}0.222{col 54}{space 4}-.1181716{col 67}{space 3} .4928787
{txt}{space 12} {c |}
{space 4}log_M2_Y {c |}
{space 9}LD. {c |}{col 14}{res}{space 2} -.009659{col 26}{space 2} .0621479{col 37}{space 1}   -0.16{col 46}{space 3}0.877{col 54}{space 4}-.1353649{col 67}{space 3} .1160469
{txt}{space 8}L2D. {c |}{col 14}{res}{space 2}-.0533164{col 26}{space 2} .0601029{col 37}{space 1}   -0.89{col 46}{space 3}0.380{col 54}{space 4}-.1748861{col 67}{space 3} .0682532
{txt}{space 8}L3D. {c |}{col 14}{res}{space 2}  .044143{col 26}{space 2} .0586047{col 37}{space 1}    0.75{col 46}{space 3}0.456{col 54}{space 4}-.0743961{col 67}{space 3} .1626822
{txt}{space 8}L4D. {c |}{col 14}{res}{space 2}-.0352068{col 26}{space 2} .0576122{col 37}{space 1}   -0.61{col 46}{space 3}0.545{col 54}{space 4}-.1517386{col 67}{space 3}  .081325
{txt}{space 8}L5D. {c |}{col 14}{res}{space 2} .0750228{col 26}{space 2} .0575328{col 37}{space 1}    1.30{col 46}{space 3}0.200{col 54}{space 4}-.0413482{col 67}{space 3} .1913938
{txt}{space 12} {c |}
{space 7}_cons {c |}{col 14}{res}{space 2} .0041941{col 26}{space 2} .0084252{col 37}{space 1}    0.50{col 46}{space 3}0.621{col 54}{space 4}-.0128474{col 67}{space 3} .0212356
{txt}{hline 13}{c BT}{hline 11}{hline 11}{hline 9}{hline 8}{hline 13}{hline 12}

{com}. egranger log_P log_M, lags(5)
{res}Replacing variable _egresid...

{txt}Augmented Engle-Granger test for cointegration{col 55}N (1st step)  ={res}       57
{txt}Number of lags   = {res} 5{col 55}{txt}N (test)      ={res}       51
{txt}{hline 78}
{col 19}Test{col 32}1% Critical{col 50}5% Critical{col 67}10% Critical
{col 16}Statistic{col 36}Value{col 54}Value{col 72}Value
{hline 78}
 Z(t){col 15}{res}    -2.339{col 33}    -4.099{col 51}    -3.447{col 69}    -3.121

{txt}Critical values from MacKinnon (1990, 2010)

{com}. dfuller u_t

{txt}Dickey-Fuller test for unit root                   Number of obs   = {res}       56

{txt}{col 32}{hline 10} Interpolated Dickey-Fuller {hline 9}
                  Test         1% Critical       5% Critical      10% Critical
               Statistic           Value             Value             Value
{hline 78}
 Z(t)         {res}    -1.905            -3.572            -2.925            -2.598
{txt}{hline 78}
MacKinnon approximate p-value for Z(t) = {res}0.3296

{com}. kpss u_t
 
{txt}KPSS test for u_t
 
Maxlag = 3 chosen by Schwert criterion
Autocovariances weighted by Bartlett kernel
 
Critical values for H0: u_t is trend stationary
 
10%: 0.119  5% : 0.146  2.5%: 0.176  1% : 0.216
 
Lag order    Test statistic
    0            .48
{col 4} 1{col 13}    .256
{col 4} 2{col 13}    .184
{col 4} 3{col 13}    .149

{com}. dfuller u_t, lags(5)

{txt}Augmented Dickey-Fuller test for unit root         Number of obs   = {res}       51

{txt}{col 32}{hline 10} Interpolated Dickey-Fuller {hline 9}
                  Test         1% Critical       5% Critical      10% Critical
               Statistic           Value             Value             Value
{hline 78}
 Z(t)         {res}    -2.327            -3.579            -2.929            -2.600
{txt}{hline 78}
MacKinnon approximate p-value for Z(t) = {res}0.1634

{com}. dfuller u_t, lags(10)

{txt}Augmented Dickey-Fuller test for unit root         Number of obs   = {res}       46

{txt}{col 32}{hline 10} Interpolated Dickey-Fuller {hline 9}
                  Test         1% Critical       5% Critical      10% Critical
               Statistic           Value             Value             Value
{hline 78}
 Z(t)         {res}    -2.132            -3.607            -2.941            -2.605
{txt}{hline 78}
MacKinnon approximate p-value for Z(t) = {res}0.2317

{com}. dfuller u_t, lags(3)

{txt}Augmented Dickey-Fuller test for unit root         Number of obs   = {res}       53

{txt}{col 32}{hline 10} Interpolated Dickey-Fuller {hline 9}
                  Test         1% Critical       5% Critical      10% Critical
               Statistic           Value             Value             Value
{hline 78}
 Z(t)         {res}    -2.483            -3.576            -2.928            -2.599
{txt}{hline 78}
MacKinnon approximate p-value for Z(t) = {res}0.1197

{com}. gls
{err}command {bf}gls{sf} is unrecognized
{txt}{search r(199), local:r(199);}

{com}. ersur u_t
{res}
Elliott, Rothenberg & Stock (1996) test results for 1963 - 2008
Variable name: u_t
Ho: Unit root
Ha: Stationarity
GLS demeaned data
{txt}{hline 74}
Criteria{col 12}Lags{col 20}ERS stat.{col 33}p-value{col 45}1% cv{col 57}5% cv{col 66} 10% cv
{hline 74}
{res}FIXED{col 13}10{col 18}   -1.719{col 31}    0.082{col 42}   -2.474{col 54}   -1.912{col 65}   -1.636
  AIC{col 13}1{col 18}   -2.524{col 31}    0.029{col 42}   -2.999{col 54}   -2.269{col 65}   -1.916
  SIC{col 13}1{col 18}   -2.524{col 31}    0.021{col 42}   -2.823{col 54}   -2.157{col 65}   -1.838
GTS05{col 13}1{col 18}   -2.524{col 31}    0.031{col 42}   -3.001{col 54}   -2.296{col 65}   -1.946
GTS10{col 13}1{col 18}   -2.524{col 31}    0.031{col 42}   -2.999{col 54}   -2.298{col 65}   -1.951
{txt}{hline 74}

{com}. help ersur

. egranger log_P log_M
{res}Replacing variable _egresid...

{txt}Engle-Granger test for cointegration{col 55}N (1st step)  ={res}       57
{col 55}{txt}N (test)      ={res}       56
{txt}{hline 78}
{col 19}Test{col 32}1% Critical{col 50}5% Critical{col 67}10% Critical
{col 16}Statistic{col 36}Value{col 54}Value{col 72}Value
{hline 78}
 Z(t){col 15}{res}    -1.922{col 33}    -4.099{col 51}    -3.447{col 69}    -3.121

{txt}Critical values from MacKinnon (1990, 2010)

{com}. help egranger

. egranger log_P log_M, lags(5) trend
{res}Replacing variable _egresid...

{txt}Augmented Engle-Granger test for cointegration{col 55}N (1st step)  ={res}       57
{txt}Number of lags   = {res} 5{col 55}{txt}N (test)      ={res}       51
{txt}1st step includes linear trend
{hline 78}
{col 19}Test{col 32}1% Critical{col 50}5% Critical{col 67}10% Critical
{col 16}Statistic{col 36}Value{col 54}Value{col 72}Value
{hline 78}
 Z(t){col 15}{res}    -2.540{col 33}    -4.615{col 51}    -3.954{col 69}    -3.625

{txt}Critical values from MacKinnon (1990, 2010)

{com}. egranger log_P log_M, lags(5)
{res}Replacing variable _egresid...

{txt}Augmented Engle-Granger test for cointegration{col 55}N (1st step)  ={res}       57
{txt}Number of lags   = {res} 5{col 55}{txt}N (test)      ={res}       51
{txt}{hline 78}
{col 19}Test{col 32}1% Critical{col 50}5% Critical{col 67}10% Critical
{col 16}Statistic{col 36}Value{col 54}Value{col 72}Value
{hline 78}
 Z(t){col 15}{res}    -2.339{col 33}    -4.099{col 51}    -3.447{col 69}    -3.121

{txt}Critical values from MacKinnon (1990, 2010)

{com}. egranger log_P log_M, regress
{res}Replacing variable _egresid...

{txt}Engle-Granger test for cointegration{col 55}N (1st step)  ={res}       57
{col 55}{txt}N (test)      ={res}       56
{txt}{hline 78}
{col 19}Test{col 32}1% Critical{col 50}5% Critical{col 67}10% Critical
{col 16}Statistic{col 36}Value{col 54}Value{col 72}Value
{hline 78}
 Z(t){col 15}{res}    -1.922{col 33}    -4.099{col 51}    -3.447{col 69}    -3.121

{txt}Critical values from MacKinnon (1990, 2010)
{hline 78}
{res}Engle-Granger 1st-step regression
{txt}{hline 13}{c TT}{hline 11}{hline 11}{hline 9}{hline 8}{hline 13}{hline 12}
{col 1}       log_P{col 14}{c |}      Coef.{col 26}   Std. Err.{col 38}      t{col 46}   P>|t|{col 54}     [95% Con{col 67}f. Interval]
{hline 13}{c +}{hline 11}{hline 11}{hline 9}{hline 8}{hline 13}{hline 12}
{space 4}log_M2_Y {c |}{col 14}{res}{space 2} .3687654{col 26}{space 2} .0082672{col 37}{space 1}   44.61{col 46}{space 3}0.000{col 54}{space 4} .3521976{col 67}{space 3} .3853332
{txt}{space 7}_cons {c |}{col 14}{res}{space 2}-.7017055{col 26}{space 2} .0281671{col 37}{space 1}  -24.91{col 46}{space 3}0.000{col 54}{space 4}-.7581537{col 67}{space 3}-.6452572
{txt}{hline 13}{c BT}{hline 11}{hline 11}{hline 9}{hline 8}{hline 13}{hline 12}
{res}Engle-Granger test regression
{txt}{hline 13}{c TT}{hline 11}{hline 11}{hline 9}{hline 8}{hline 13}{hline 12}
{col 1}  D._egresid{col 14}{c |}      Coef.{col 26}   Std. Err.{col 38}      t{col 46}   P>|t|{col 54}     [95% Con{col 67}f. Interval]
{hline 13}{c +}{hline 11}{hline 11}{hline 9}{hline 8}{hline 13}{hline 12}
{space 4}_egresid {c |}
{space 9}L1. {c |}{col 14}{res}{space 2}-.1226208{col 26}{space 2} .0637853{col 37}{space 1}   -1.92{col 46}{space 3}0.060{col 54}{space 4}-.2504494{col 67}{space 3} .0052077
{txt}{hline 13}{c BT}{hline 11}{hline 11}{hline 9}{hline 8}{hline 13}{hline 12}

{com}. ersur u_t
{res}
Elliott, Rothenberg & Stock (1996) test results for 1963 - 2008
Variable name: u_t
Ho: Unit root
Ha: Stationarity
GLS demeaned data
{txt}{hline 74}
Criteria{col 12}Lags{col 20}ERS stat.{col 33}p-value{col 45}1% cv{col 57}5% cv{col 66} 10% cv
{hline 74}
{res}FIXED{col 13}10{col 18}   -1.719{col 31}    0.082{col 42}   -2.474{col 54}   -1.912{col 65}   -1.636
  AIC{col 13}1{col 18}   -2.524{col 31}    0.029{col 42}   -2.999{col 54}   -2.269{col 65}   -1.916
  SIC{col 13}1{col 18}   -2.524{col 31}    0.021{col 42}   -2.823{col 54}   -2.157{col 65}   -1.838
GTS05{col 13}1{col 18}   -2.524{col 31}    0.031{col 42}   -3.001{col 54}   -2.296{col 65}   -1.946
GTS10{col 13}1{col 18}   -2.524{col 31}    0.031{col 42}   -2.999{col 54}   -2.298{col 65}   -1.951
{txt}{hline 74}

{com}. egranger log_P log_M, ecm lags(5)
{res}Replacing variable _egresid...

{txt}Engle-Granger 2-step ECM estimation{col 55}N (1st step)  ={res}       57
{txt}Number of lags   = {res} 5{col 55}{txt}N (2nd step)  ={res}       51

Engle-Granger 2-step ECM
{txt}{hline 13}{c TT}{hline 11}{hline 11}{hline 9}{hline 8}{hline 13}{hline 12}
{col 1}     D.log_P{col 14}{c |}      Coef.{col 26}   Std. Err.{col 38}      t{col 46}   P>|t|{col 54}     [95% Con{col 67}f. Interval]
{hline 13}{c +}{hline 11}{hline 11}{hline 9}{hline 8}{hline 13}{hline 12}
{space 4}_egresid {c |}
{space 9}L1. {c |}{col 14}{res}{space 2}-.2089787{col 26}{space 2}  .078828{col 37}{space 1}   -2.65{col 46}{space 3}0.012{col 54}{space 4}-.3684233{col 67}{space 3}-.0495341
{txt}{space 12} {c |}
{space 7}log_P {c |}
{space 9}LD. {c |}{col 14}{res}{space 2} .8768282{col 26}{space 2} .1644221{col 37}{space 1}    5.33{col 46}{space 3}0.000{col 54}{space 4}  .544253{col 67}{space 3} 1.209403
{txt}{space 8}L2D. {c |}{col 14}{res}{space 2}-.4553653{col 26}{space 2} .2127187{col 37}{space 1}   -2.14{col 46}{space 3}0.039{col 54}{space 4}-.8856295{col 67}{space 3}-.0251011
{txt}{space 8}L3D. {c |}{col 14}{res}{space 2} .3281442{col 26}{space 2} .2117847{col 37}{space 1}    1.55{col 46}{space 3}0.129{col 54}{space 4}-.1002307{col 67}{space 3} .7565191
{txt}{space 8}L4D. {c |}{col 14}{res}{space 2}-.1797878{col 26}{space 2} .1965146{col 37}{space 1}   -0.91{col 46}{space 3}0.366{col 54}{space 4}-.5772762{col 67}{space 3} .2177005
{txt}{space 8}L5D. {c |}{col 14}{res}{space 2} .1873536{col 26}{space 2} .1510489{col 37}{space 1}    1.24{col 46}{space 3}0.222{col 54}{space 4}-.1181716{col 67}{space 3} .4928787
{txt}{space 12} {c |}
{space 4}log_M2_Y {c |}
{space 9}LD. {c |}{col 14}{res}{space 2} -.009659{col 26}{space 2} .0621479{col 37}{space 1}   -0.16{col 46}{space 3}0.877{col 54}{space 4}-.1353649{col 67}{space 3} .1160469
{txt}{space 8}L2D. {c |}{col 14}{res}{space 2}-.0533164{col 26}{space 2} .0601029{col 37}{space 1}   -0.89{col 46}{space 3}0.380{col 54}{space 4}-.1748861{col 67}{space 3} .0682532
{txt}{space 8}L3D. {c |}{col 14}{res}{space 2}  .044143{col 26}{space 2} .0586047{col 37}{space 1}    0.75{col 46}{space 3}0.456{col 54}{space 4}-.0743961{col 67}{space 3} .1626822
{txt}{space 8}L4D. {c |}{col 14}{res}{space 2}-.0352068{col 26}{space 2} .0576122{col 37}{space 1}   -0.61{col 46}{space 3}0.545{col 54}{space 4}-.1517386{col 67}{space 3}  .081325
{txt}{space 8}L5D. {c |}{col 14}{res}{space 2} .0750228{col 26}{space 2} .0575328{col 37}{space 1}    1.30{col 46}{space 3}0.200{col 54}{space 4}-.0413482{col 67}{space 3} .1913938
{txt}{space 12} {c |}
{space 7}_cons {c |}{col 14}{res}{space 2} .0041941{col 26}{space 2} .0084252{col 37}{space 1}    0.50{col 46}{space 3}0.621{col 54}{space 4}-.0128474{col 67}{space 3} .0212356
{txt}{hline 13}{c BT}{hline 11}{hline 11}{hline 9}{hline 8}{hline 13}{hline 12}

{com}. do "C:\Users\ak29\AppData\Local\Temp\STD283c_000000.tmp"
{txt}
{com}. reg D.log_P D.log_M2 l.D.log_P l.u_t

{txt}      Source {c |}       SS           df       MS      Number of obs   ={res}        55
{txt}{hline 13}{c +}{hline 34}   F(3, 51)        = {res}    31.55
{txt}       Model {c |} {res} .100195463         3  .033398488   {txt}Prob > F        ={res}    0.0000
{txt}    Residual {c |} {res} .053986323        51  .001058555   {txt}R-squared       ={res}    0.6499
{txt}{hline 13}{c +}{hline 34}   Adj R-squared   ={res}    0.6293
{txt}       Total {c |} {res} .154181786        54  .002855218   {txt}Root MSE        =   {res} .03254

{txt}{hline 13}{c TT}{hline 11}{hline 11}{hline 9}{hline 8}{hline 13}{hline 12}
{col 1}     D.log_P{col 14}{c |}      Coef.{col 26}   Std. Err.{col 38}      t{col 46}   P>|t|{col 54}     [95% Con{col 67}f. Interval]
{hline 13}{c +}{hline 11}{hline 11}{hline 9}{hline 8}{hline 13}{hline 12}
{space 4}log_M2_Y {c |}
{space 9}D1. {c |}{col 14}{res}{space 2} .1550331{col 26}{space 2} .0395534{col 37}{space 1}    3.92{col 46}{space 3}0.000{col 54}{space 4} .0756263{col 67}{space 3} .2344399
{txt}{space 12} {c |}
{space 7}log_P {c |}
{space 9}LD. {c |}{col 14}{res}{space 2}  .532429{col 26}{space 2} .0872303{col 37}{space 1}    6.10{col 46}{space 3}0.000{col 54}{space 4} .3573069{col 67}{space 3} .7075511
{txt}{space 12} {c |}
{space 9}u_t {c |}
{space 9}L1. {c |}{col 14}{res}{space 2}-.1544624{col 26}{space 2} .0470684{col 37}{space 1}   -3.28{col 46}{space 3}0.002{col 54}{space 4}-.2489563{col 67}{space 3}-.0599686
{txt}{space 12} {c |}
{space 7}_cons {c |}{col 14}{res}{space 2} .0005943{col 26}{space 2} .0055508{col 37}{space 1}    0.11{col 46}{space 3}0.915{col 54}{space 4}-.0105493{col 67}{space 3}  .011738
{txt}{hline 13}{c BT}{hline 11}{hline 11}{hline 9}{hline 8}{hline 13}{hline 12}
{res}{txt}
{com}. 
{txt}end of do-file

{com}. egranger log_P log_M, ecm
{res}Replacing variable _egresid...

{txt}Engle-Granger 2-step ECM estimation{col 55}N (1st step)  ={res}       57
{col 55}{txt}N (2nd step)  ={res}       55

Engle-Granger 2-step ECM
{txt}{hline 13}{c TT}{hline 11}{hline 11}{hline 9}{hline 8}{hline 13}{hline 12}
{col 1}     D.log_P{col 14}{c |}      Coef.{col 26}   Std. Err.{col 38}      t{col 46}   P>|t|{col 54}     [95% Con{col 67}f. Interval]
{hline 13}{c +}{hline 11}{hline 11}{hline 9}{hline 8}{hline 13}{hline 12}
{space 4}_egresid {c |}
{space 9}L1. {c |}{col 14}{res}{space 2} -.136338{col 26}{space 2} .0696388{col 37}{space 1}   -1.96{col 46}{space 3}0.056{col 54}{space 4}-.2760786{col 67}{space 3} .0034025
{txt}{space 12} {c |}
{space 4}log_M2_Y {c |}
{space 9}LD. {c |}{col 14}{res}{space 2} .1781899{col 26}{space 2} .0554622{col 37}{space 1}    3.21{col 46}{space 3}0.002{col 54}{space 4} .0668969{col 67}{space 3} .2894829
{txt}{space 12} {c |}
{space 7}_cons {c |}{col 14}{res}{space 2} .0138234{col 26}{space 2} .0075807{col 37}{space 1}    1.82{col 46}{space 3}0.074{col 54}{space 4}-.0013884{col 67}{space 3} .0290353
{txt}{hline 13}{c BT}{hline 11}{hline 11}{hline 9}{hline 8}{hline 13}{hline 12}

{com}. egranger log_P log_M, ecm lags(5)
{res}Replacing variable _egresid...

{txt}Engle-Granger 2-step ECM estimation{col 55}N (1st step)  ={res}       57
{txt}Number of lags   = {res} 5{col 55}{txt}N (2nd step)  ={res}       51

Engle-Granger 2-step ECM
{txt}{hline 13}{c TT}{hline 11}{hline 11}{hline 9}{hline 8}{hline 13}{hline 12}
{col 1}     D.log_P{col 14}{c |}      Coef.{col 26}   Std. Err.{col 38}      t{col 46}   P>|t|{col 54}     [95% Con{col 67}f. Interval]
{hline 13}{c +}{hline 11}{hline 11}{hline 9}{hline 8}{hline 13}{hline 12}
{space 4}_egresid {c |}
{space 9}L1. {c |}{col 14}{res}{space 2}-.2089787{col 26}{space 2}  .078828{col 37}{space 1}   -2.65{col 46}{space 3}0.012{col 54}{space 4}-.3684233{col 67}{space 3}-.0495341
{txt}{space 12} {c |}
{space 7}log_P {c |}
{space 9}LD. {c |}{col 14}{res}{space 2} .8768282{col 26}{space 2} .1644221{col 37}{space 1}    5.33{col 46}{space 3}0.000{col 54}{space 4}  .544253{col 67}{space 3} 1.209403
{txt}{space 8}L2D. {c |}{col 14}{res}{space 2}-.4553653{col 26}{space 2} .2127187{col 37}{space 1}   -2.14{col 46}{space 3}0.039{col 54}{space 4}-.8856295{col 67}{space 3}-.0251011
{txt}{space 8}L3D. {c |}{col 14}{res}{space 2} .3281442{col 26}{space 2} .2117847{col 37}{space 1}    1.55{col 46}{space 3}0.129{col 54}{space 4}-.1002307{col 67}{space 3} .7565191
{txt}{space 8}L4D. {c |}{col 14}{res}{space 2}-.1797878{col 26}{space 2} .1965146{col 37}{space 1}   -0.91{col 46}{space 3}0.366{col 54}{space 4}-.5772762{col 67}{space 3} .2177005
{txt}{space 8}L5D. {c |}{col 14}{res}{space 2} .1873536{col 26}{space 2} .1510489{col 37}{space 1}    1.24{col 46}{space 3}0.222{col 54}{space 4}-.1181716{col 67}{space 3} .4928787
{txt}{space 12} {c |}
{space 4}log_M2_Y {c |}
{space 9}LD. {c |}{col 14}{res}{space 2} -.009659{col 26}{space 2} .0621479{col 37}{space 1}   -0.16{col 46}{space 3}0.877{col 54}{space 4}-.1353649{col 67}{space 3} .1160469
{txt}{space 8}L2D. {c |}{col 14}{res}{space 2}-.0533164{col 26}{space 2} .0601029{col 37}{space 1}   -0.89{col 46}{space 3}0.380{col 54}{space 4}-.1748861{col 67}{space 3} .0682532
{txt}{space 8}L3D. {c |}{col 14}{res}{space 2}  .044143{col 26}{space 2} .0586047{col 37}{space 1}    0.75{col 46}{space 3}0.456{col 54}{space 4}-.0743961{col 67}{space 3} .1626822
{txt}{space 8}L4D. {c |}{col 14}{res}{space 2}-.0352068{col 26}{space 2} .0576122{col 37}{space 1}   -0.61{col 46}{space 3}0.545{col 54}{space 4}-.1517386{col 67}{space 3}  .081325
{txt}{space 8}L5D. {c |}{col 14}{res}{space 2} .0750228{col 26}{space 2} .0575328{col 37}{space 1}    1.30{col 46}{space 3}0.200{col 54}{space 4}-.0413482{col 67}{space 3} .1913938
{txt}{space 12} {c |}
{space 7}_cons {c |}{col 14}{res}{space 2} .0041941{col 26}{space 2} .0084252{col 37}{space 1}    0.50{col 46}{space 3}0.621{col 54}{space 4}-.0128474{col 67}{space 3} .0212356
{txt}{hline 13}{c BT}{hline 11}{hline 11}{hline 9}{hline 8}{hline 13}{hline 12}

{com}. do "C:\Users\ak29\AppData\Local\Temp\STD283c_000000.tmp"
{txt}
{com}. reg log_P log_M

{txt}      Source {c |}       SS           df       MS      Number of obs   ={res}        57
{txt}{hline 13}{c +}{hline 34}   F(1, 55)        = {res}  1989.69
{txt}       Model {c |} {res} 18.0449479         1  18.0449479   {txt}Prob > F        ={res}    0.0000
{txt}    Residual {c |} {res} .498808067        55  .009069238   {txt}R-squared       ={res}    0.9731
{txt}{hline 13}{c +}{hline 34}   Adj R-squared   ={res}    0.9726
{txt}       Total {c |} {res} 18.5437559        56  .331138499   {txt}Root MSE        =   {res} .09523

{txt}{hline 13}{c TT}{hline 11}{hline 11}{hline 9}{hline 8}{hline 13}{hline 12}
{col 1}       log_P{col 14}{c |}      Coef.{col 26}   Std. Err.{col 38}      t{col 46}   P>|t|{col 54}     [95% Con{col 67}f. Interval]
{hline 13}{c +}{hline 11}{hline 11}{hline 9}{hline 8}{hline 13}{hline 12}
{space 4}log_M2_Y {c |}{col 14}{res}{space 2} .3687654{col 26}{space 2} .0082672{col 37}{space 1}   44.61{col 46}{space 3}0.000{col 54}{space 4} .3521976{col 67}{space 3} .3853332
{txt}{space 7}_cons {c |}{col 14}{res}{space 2}-.7017055{col 26}{space 2} .0281671{col 37}{space 1}  -24.91{col 46}{space 3}0.000{col 54}{space 4}-.7581537{col 67}{space 3}-.6452572
{txt}{hline 13}{c BT}{hline 11}{hline 11}{hline 9}{hline 8}{hline 13}{hline 12}
{res}{txt}
{com}. predict resid, res
{txt}
{com}. 
. *replicate equation 2
. reg D.log_P D.log_M2 l.D.log_P l.resid

{txt}      Source {c |}       SS           df       MS      Number of obs   ={res}        55
{txt}{hline 13}{c +}{hline 34}   F(3, 51)        = {res}    31.55
{txt}       Model {c |} {res} .100195461         3  .033398487   {txt}Prob > F        ={res}    0.0000
{txt}    Residual {c |} {res} .053986325        51  .001058555   {txt}R-squared       ={res}    0.6499
{txt}{hline 13}{c +}{hline 34}   Adj R-squared   ={res}    0.6293
{txt}       Total {c |} {res} .154181786        54  .002855218   {txt}Root MSE        =   {res} .03254

{txt}{hline 13}{c TT}{hline 11}{hline 11}{hline 9}{hline 8}{hline 13}{hline 12}
{col 1}     D.log_P{col 14}{c |}      Coef.{col 26}   Std. Err.{col 38}      t{col 46}   P>|t|{col 54}     [95% Con{col 67}f. Interval]
{hline 13}{c +}{hline 11}{hline 11}{hline 9}{hline 8}{hline 13}{hline 12}
{space 4}log_M2_Y {c |}
{space 9}D1. {c |}{col 14}{res}{space 2} .1550331{col 26}{space 2} .0395534{col 37}{space 1}    3.92{col 46}{space 3}0.000{col 54}{space 4} .0756263{col 67}{space 3} .2344399
{txt}{space 12} {c |}
{space 7}log_P {c |}
{space 9}LD. {c |}{col 14}{res}{space 2}  .532429{col 26}{space 2} .0872303{col 37}{space 1}    6.10{col 46}{space 3}0.000{col 54}{space 4} .3573069{col 67}{space 3} .7075511
{txt}{space 12} {c |}
{space 7}resid {c |}
{space 9}L1. {c |}{col 14}{res}{space 2}-.1544624{col 26}{space 2} .0470684{col 37}{space 1}   -3.28{col 46}{space 3}0.002{col 54}{space 4}-.2489563{col 67}{space 3}-.0599685
{txt}{space 12} {c |}
{space 7}_cons {c |}{col 14}{res}{space 2} .0005943{col 26}{space 2} .0055508{col 37}{space 1}    0.11{col 46}{space 3}0.915{col 54}{space 4}-.0105493{col 67}{space 3}  .011738
{txt}{hline 13}{c BT}{hline 11}{hline 11}{hline 9}{hline 8}{hline 13}{hline 12}
{res}{txt}
{com}. 
{txt}end of do-file

{com}. do "C:\Users\ak29\AppData\Local\Temp\STD283c_000000.tmp"
{txt}
{com}. reg D.log_P D.log_M2 l.D.log_P l.resid D.log_M
{txt}note: D.log_M2_Y omitted because of collinearity

      Source {c |}       SS           df       MS      Number of obs   ={res}        55
{txt}{hline 13}{c +}{hline 34}   F(3, 51)        = {res}    31.55
{txt}       Model {c |} {res} .100195461         3  .033398487   {txt}Prob > F        ={res}    0.0000
{txt}    Residual {c |} {res} .053986325        51  .001058555   {txt}R-squared       ={res}    0.6499
{txt}{hline 13}{c +}{hline 34}   Adj R-squared   ={res}    0.6293
{txt}       Total {c |} {res} .154181786        54  .002855218   {txt}Root MSE        =   {res} .03254

{txt}{hline 13}{c TT}{hline 11}{hline 11}{hline 9}{hline 8}{hline 13}{hline 12}
{col 1}     D.log_P{col 14}{c |}      Coef.{col 26}   Std. Err.{col 38}      t{col 46}   P>|t|{col 54}     [95% Con{col 67}f. Interval]
{hline 13}{c +}{hline 11}{hline 11}{hline 9}{hline 8}{hline 13}{hline 12}
{space 4}log_M2_Y {c |}
{space 9}D1. {c |}{col 14}{res}{space 2} .1550331{col 26}{space 2} .0395534{col 37}{space 1}    3.92{col 46}{space 3}0.000{col 54}{space 4} .0756263{col 67}{space 3} .2344399
{txt}{space 12} {c |}
{space 7}log_P {c |}
{space 9}LD. {c |}{col 14}{res}{space 2}  .532429{col 26}{space 2} .0872303{col 37}{space 1}    6.10{col 46}{space 3}0.000{col 54}{space 4} .3573069{col 67}{space 3} .7075511
{txt}{space 12} {c |}
{space 7}resid {c |}
{space 9}L1. {c |}{col 14}{res}{space 2}-.1544624{col 26}{space 2} .0470684{col 37}{space 1}   -3.28{col 46}{space 3}0.002{col 54}{space 4}-.2489563{col 67}{space 3}-.0599685
{txt}{space 12} {c |}
{space 4}log_M2_Y {c |}
{space 9}D1. {c |}{col 14}{res}{space 2}        0{col 26}{txt}  (omitted)
{space 12} {c |}
{space 7}_cons {c |}{col 14}{res}{space 2} .0005943{col 26}{space 2} .0055508{col 37}{space 1}    0.11{col 46}{space 3}0.915{col 54}{space 4}-.0105493{col 67}{space 3}  .011738
{txt}{hline 13}{c BT}{hline 11}{hline 11}{hline 9}{hline 8}{hline 13}{hline 12}
{res}{txt}
{com}. 
{txt}end of do-file

{com}. do "C:\Users\ak29\AppData\Local\Temp\STD283c_000000.tmp"
{txt}
{com}. egranger log_P log_M, ecm
{res}Replacing variable _egresid...

{txt}Engle-Granger 2-step ECM estimation{col 55}N (1st step)  ={res}       57
{col 55}{txt}N (2nd step)  ={res}       55

Engle-Granger 2-step ECM
{txt}{hline 13}{c TT}{hline 11}{hline 11}{hline 9}{hline 8}{hline 13}{hline 12}
{col 1}     D.log_P{col 14}{c |}      Coef.{col 26}   Std. Err.{col 38}      t{col 46}   P>|t|{col 54}     [95% Con{col 67}f. Interval]
{hline 13}{c +}{hline 11}{hline 11}{hline 9}{hline 8}{hline 13}{hline 12}
{space 4}_egresid {c |}
{space 9}L1. {c |}{col 14}{res}{space 2} -.136338{col 26}{space 2} .0696388{col 37}{space 1}   -1.96{col 46}{space 3}0.056{col 54}{space 4}-.2760786{col 67}{space 3} .0034025
{txt}{space 12} {c |}
{space 4}log_M2_Y {c |}
{space 9}LD. {c |}{col 14}{res}{space 2} .1781899{col 26}{space 2} .0554622{col 37}{space 1}    3.21{col 46}{space 3}0.002{col 54}{space 4} .0668969{col 67}{space 3} .2894829
{txt}{space 12} {c |}
{space 7}_cons {c |}{col 14}{res}{space 2} .0138234{col 26}{space 2} .0075807{col 37}{space 1}    1.82{col 46}{space 3}0.074{col 54}{space 4}-.0013884{col 67}{space 3} .0290353
{txt}{hline 13}{c BT}{hline 11}{hline 11}{hline 9}{hline 8}{hline 13}{hline 12}

{com}. 
{txt}end of do-file

{com}. do "C:\Users\ak29\AppData\Local\Temp\STD283c_000000.tmp"
{txt}
{com}. reg D.log_P D.log_M2 l.D.log_P l.resid lD.log_M

{txt}      Source {c |}       SS           df       MS      Number of obs   ={res}        55
{txt}{hline 13}{c +}{hline 34}   F(4, 50)        = {res}    23.43
{txt}       Model {c |} {res} .100542851         4  .025135713   {txt}Prob > F        ={res}    0.0000
{txt}    Residual {c |} {res} .053638935        50  .001072779   {txt}R-squared       ={res}    0.6521
{txt}{hline 13}{c +}{hline 34}   Adj R-squared   ={res}    0.6243
{txt}       Total {c |} {res} .154181786        54  .002855218   {txt}Root MSE        =   {res} .03275

{txt}{hline 13}{c TT}{hline 11}{hline 11}{hline 9}{hline 8}{hline 13}{hline 12}
{col 1}     D.log_P{col 14}{c |}      Coef.{col 26}   Std. Err.{col 38}      t{col 46}   P>|t|{col 54}     [95% Con{col 67}f. Interval]
{hline 13}{c +}{hline 11}{hline 11}{hline 9}{hline 8}{hline 13}{hline 12}
{space 4}log_M2_Y {c |}
{space 9}D1. {c |}{col 14}{res}{space 2} .1601993{col 26}{space 2} .0408401{col 37}{space 1}    3.92{col 46}{space 3}0.000{col 54}{space 4} .0781695{col 67}{space 3}  .242229
{txt}{space 12} {c |}
{space 7}log_P {c |}
{space 9}LD. {c |}{col 14}{res}{space 2}  .562426{col 26}{space 2} .1024213{col 37}{space 1}    5.49{col 46}{space 3}0.000{col 54}{space 4} .3567069{col 67}{space 3} .7681452
{txt}{space 12} {c |}
{space 7}resid {c |}
{space 9}L1. {c |}{col 14}{res}{space 2}-.1642116{col 26}{space 2} .0503857{col 37}{space 1}   -3.26{col 46}{space 3}0.002{col 54}{space 4}-.2654143{col 67}{space 3}-.0630089
{txt}{space 12} {c |}
{space 4}log_M2_Y {c |}
{space 9}LD. {c |}{col 14}{res}{space 2}-.0279459{col 26}{space 2} .0491094{col 37}{space 1}   -0.57{col 46}{space 3}0.572{col 54}{space 4}-.1265849{col 67}{space 3} .0706932
{txt}{space 12} {c |}
{space 7}_cons {c |}{col 14}{res}{space 2}  .001552{col 26}{space 2} .0058358{col 37}{space 1}    0.27{col 46}{space 3}0.791{col 54}{space 4}-.0101696{col 67}{space 3} .0132736
{txt}{hline 13}{c BT}{hline 11}{hline 11}{hline 9}{hline 8}{hline 13}{hline 12}
{res}{txt}
{com}. 
{txt}end of do-file

{com}. do "C:\Users\ak29\AppData\Local\Temp\STD283c_000000.tmp"
{txt}
{com}. egranger log_P log_M, ecm
{res}Replacing variable _egresid...

{txt}Engle-Granger 2-step ECM estimation{col 55}N (1st step)  ={res}       57
{col 55}{txt}N (2nd step)  ={res}       55

Engle-Granger 2-step ECM
{txt}{hline 13}{c TT}{hline 11}{hline 11}{hline 9}{hline 8}{hline 13}{hline 12}
{col 1}     D.log_P{col 14}{c |}      Coef.{col 26}   Std. Err.{col 38}      t{col 46}   P>|t|{col 54}     [95% Con{col 67}f. Interval]
{hline 13}{c +}{hline 11}{hline 11}{hline 9}{hline 8}{hline 13}{hline 12}
{space 4}_egresid {c |}
{space 9}L1. {c |}{col 14}{res}{space 2} -.136338{col 26}{space 2} .0696388{col 37}{space 1}   -1.96{col 46}{space 3}0.056{col 54}{space 4}-.2760786{col 67}{space 3} .0034025
{txt}{space 12} {c |}
{space 4}log_M2_Y {c |}
{space 9}LD. {c |}{col 14}{res}{space 2} .1781899{col 26}{space 2} .0554622{col 37}{space 1}    3.21{col 46}{space 3}0.002{col 54}{space 4} .0668969{col 67}{space 3} .2894829
{txt}{space 12} {c |}
{space 7}_cons {c |}{col 14}{res}{space 2} .0138234{col 26}{space 2} .0075807{col 37}{space 1}    1.82{col 46}{space 3}0.074{col 54}{space 4}-.0013884{col 67}{space 3} .0290353
{txt}{hline 13}{c BT}{hline 11}{hline 11}{hline 9}{hline 8}{hline 13}{hline 12}

{com}. 
{txt}end of do-file

{com}. do "C:\Users\ak29\AppData\Local\Temp\STD283c_000000.tmp"
{txt}
{com}. reg D.log_P D.log_M2 l.D.log_P l.resid lD.log_M

{txt}      Source {c |}       SS           df       MS      Number of obs   ={res}        55
{txt}{hline 13}{c +}{hline 34}   F(4, 50)        = {res}    23.43
{txt}       Model {c |} {res} .100542851         4  .025135713   {txt}Prob > F        ={res}    0.0000
{txt}    Residual {c |} {res} .053638935        50  .001072779   {txt}R-squared       ={res}    0.6521
{txt}{hline 13}{c +}{hline 34}   Adj R-squared   ={res}    0.6243
{txt}       Total {c |} {res} .154181786        54  .002855218   {txt}Root MSE        =   {res} .03275

{txt}{hline 13}{c TT}{hline 11}{hline 11}{hline 9}{hline 8}{hline 13}{hline 12}
{col 1}     D.log_P{col 14}{c |}      Coef.{col 26}   Std. Err.{col 38}      t{col 46}   P>|t|{col 54}     [95% Con{col 67}f. Interval]
{hline 13}{c +}{hline 11}{hline 11}{hline 9}{hline 8}{hline 13}{hline 12}
{space 4}log_M2_Y {c |}
{space 9}D1. {c |}{col 14}{res}{space 2} .1601993{col 26}{space 2} .0408401{col 37}{space 1}    3.92{col 46}{space 3}0.000{col 54}{space 4} .0781695{col 67}{space 3}  .242229
{txt}{space 12} {c |}
{space 7}log_P {c |}
{space 9}LD. {c |}{col 14}{res}{space 2}  .562426{col 26}{space 2} .1024213{col 37}{space 1}    5.49{col 46}{space 3}0.000{col 54}{space 4} .3567069{col 67}{space 3} .7681452
{txt}{space 12} {c |}
{space 7}resid {c |}
{space 9}L1. {c |}{col 14}{res}{space 2}-.1642116{col 26}{space 2} .0503857{col 37}{space 1}   -3.26{col 46}{space 3}0.002{col 54}{space 4}-.2654143{col 67}{space 3}-.0630089
{txt}{space 12} {c |}
{space 4}log_M2_Y {c |}
{space 9}LD. {c |}{col 14}{res}{space 2}-.0279459{col 26}{space 2} .0491094{col 37}{space 1}   -0.57{col 46}{space 3}0.572{col 54}{space 4}-.1265849{col 67}{space 3} .0706932
{txt}{space 12} {c |}
{space 7}_cons {c |}{col 14}{res}{space 2}  .001552{col 26}{space 2} .0058358{col 37}{space 1}    0.27{col 46}{space 3}0.791{col 54}{space 4}-.0101696{col 67}{space 3} .0132736
{txt}{hline 13}{c BT}{hline 11}{hline 11}{hline 9}{hline 8}{hline 13}{hline 12}
{res}{txt}
{com}. 
{txt}end of do-file

{com}. egranger log_P log _M, ecm reg
{bf}{err}log{sf} ambiguous abbreviation
{txt}{search r(111), local:r(111);}

{com}. egranger log_P log_M, ecm reg
{res}Replacing variable _egresid...

{txt}Engle-Granger 2-step ECM estimation{col 55}N (1st step)  ={res}       57
{col 55}{txt}N (2nd step)  ={res}       55

Engle-Granger 1st-step regression
{txt}{hline 13}{c TT}{hline 11}{hline 11}{hline 9}{hline 8}{hline 13}{hline 12}
{col 1}       log_P{col 14}{c |}      Coef.{col 26}   Std. Err.{col 38}      t{col 46}   P>|t|{col 54}     [95% Con{col 67}f. Interval]
{hline 13}{c +}{hline 11}{hline 11}{hline 9}{hline 8}{hline 13}{hline 12}
{space 4}log_M2_Y {c |}{col 14}{res}{space 2} .3687654{col 26}{space 2} .0082672{col 37}{space 1}   44.61{col 46}{space 3}0.000{col 54}{space 4} .3521976{col 67}{space 3} .3853332
{txt}{space 7}_cons {c |}{col 14}{res}{space 2}-.7017055{col 26}{space 2} .0281671{col 37}{space 1}  -24.91{col 46}{space 3}0.000{col 54}{space 4}-.7581537{col 67}{space 3}-.6452572
{txt}{hline 13}{c BT}{hline 11}{hline 11}{hline 9}{hline 8}{hline 13}{hline 12}

{res}Engle-Granger 2-step ECM
{txt}{hline 13}{c TT}{hline 11}{hline 11}{hline 9}{hline 8}{hline 13}{hline 12}
{col 1}     D.log_P{col 14}{c |}      Coef.{col 26}   Std. Err.{col 38}      t{col 46}   P>|t|{col 54}     [95% Con{col 67}f. Interval]
{hline 13}{c +}{hline 11}{hline 11}{hline 9}{hline 8}{hline 13}{hline 12}
{space 4}_egresid {c |}
{space 9}L1. {c |}{col 14}{res}{space 2} -.136338{col 26}{space 2} .0696388{col 37}{space 1}   -1.96{col 46}{space 3}0.056{col 54}{space 4}-.2760786{col 67}{space 3} .0034025
{txt}{space 12} {c |}
{space 4}log_M2_Y {c |}
{space 9}LD. {c |}{col 14}{res}{space 2} .1781899{col 26}{space 2} .0554622{col 37}{space 1}    3.21{col 46}{space 3}0.002{col 54}{space 4} .0668969{col 67}{space 3} .2894829
{txt}{space 12} {c |}
{space 7}_cons {c |}{col 14}{res}{space 2} .0138234{col 26}{space 2} .0075807{col 37}{space 1}    1.82{col 46}{space 3}0.074{col 54}{space 4}-.0013884{col 67}{space 3} .0290353
{txt}{hline 13}{c BT}{hline 11}{hline 11}{hline 9}{hline 8}{hline 13}{hline 12}

{com}. egranger log_P log_M, ecm lags(1)
{res}Replacing variable _egresid...

{txt}Engle-Granger 2-step ECM estimation{col 55}N (1st step)  ={res}       57
{txt}Number of lags   = {res} 1{col 55}{txt}N (2nd step)  ={res}       55

Engle-Granger 2-step ECM
{txt}{hline 13}{c TT}{hline 11}{hline 11}{hline 9}{hline 8}{hline 13}{hline 12}
{col 1}     D.log_P{col 14}{c |}      Coef.{col 26}   Std. Err.{col 38}      t{col 46}   P>|t|{col 54}     [95% Con{col 67}f. Interval]
{hline 13}{c +}{hline 11}{hline 11}{hline 9}{hline 8}{hline 13}{hline 12}
{space 4}_egresid {c |}
{space 9}L1. {c |}{col 14}{res}{space 2}-.1802482{col 26}{space 2} .0568634{col 37}{space 1}   -3.17{col 46}{space 3}0.003{col 54}{space 4}-.2944063{col 67}{space 3}-.0660901
{txt}{space 12} {c |}
{space 7}log_P {c |}
{space 9}LD. {c |}{col 14}{res}{space 2} .6153196{col 26}{space 2} .1149617{col 37}{space 1}    5.35{col 46}{space 3}0.000{col 54}{space 4} .3845245{col 67}{space 3} .8461148
{txt}{space 12} {c |}
{space 4}log_M2_Y {c |}
{space 9}LD. {c |}{col 14}{res}{space 2} .0148762{col 26}{space 2}  .054215{col 37}{space 1}    0.27{col 46}{space 3}0.785{col 54}{space 4} -.093965{col 67}{space 3} .1237175
{txt}{space 12} {c |}
{space 7}_cons {c |}{col 14}{res}{space 2} .0097187{col 26}{space 2} .0061731{col 37}{space 1}    1.57{col 46}{space 3}0.122{col 54}{space 4}-.0026743{col 67}{space 3} .0221117
{txt}{hline 13}{c BT}{hline 11}{hline 11}{hline 9}{hline 8}{hline 13}{hline 12}

{com}. do "C:\Users\ak29\AppData\Local\Temp\STD283c_000000.tmp"
{txt}
{com}. reg D.log_P D.log_M2 l.D.log_P l.resid lD.log_M

{txt}      Source {c |}       SS           df       MS      Number of obs   ={res}        55
{txt}{hline 13}{c +}{hline 34}   F(4, 50)        = {res}    23.43
{txt}       Model {c |} {res} .100542851         4  .025135713   {txt}Prob > F        ={res}    0.0000
{txt}    Residual {c |} {res} .053638935        50  .001072779   {txt}R-squared       ={res}    0.6521
{txt}{hline 13}{c +}{hline 34}   Adj R-squared   ={res}    0.6243
{txt}       Total {c |} {res} .154181786        54  .002855218   {txt}Root MSE        =   {res} .03275

{txt}{hline 13}{c TT}{hline 11}{hline 11}{hline 9}{hline 8}{hline 13}{hline 12}
{col 1}     D.log_P{col 14}{c |}      Coef.{col 26}   Std. Err.{col 38}      t{col 46}   P>|t|{col 54}     [95% Con{col 67}f. Interval]
{hline 13}{c +}{hline 11}{hline 11}{hline 9}{hline 8}{hline 13}{hline 12}
{space 4}log_M2_Y {c |}
{space 9}D1. {c |}{col 14}{res}{space 2} .1601993{col 26}{space 2} .0408401{col 37}{space 1}    3.92{col 46}{space 3}0.000{col 54}{space 4} .0781695{col 67}{space 3}  .242229
{txt}{space 12} {c |}
{space 7}log_P {c |}
{space 9}LD. {c |}{col 14}{res}{space 2}  .562426{col 26}{space 2} .1024213{col 37}{space 1}    5.49{col 46}{space 3}0.000{col 54}{space 4} .3567069{col 67}{space 3} .7681452
{txt}{space 12} {c |}
{space 7}resid {c |}
{space 9}L1. {c |}{col 14}{res}{space 2}-.1642116{col 26}{space 2} .0503857{col 37}{space 1}   -3.26{col 46}{space 3}0.002{col 54}{space 4}-.2654143{col 67}{space 3}-.0630089
{txt}{space 12} {c |}
{space 4}log_M2_Y {c |}
{space 9}LD. {c |}{col 14}{res}{space 2}-.0279459{col 26}{space 2} .0491094{col 37}{space 1}   -0.57{col 46}{space 3}0.572{col 54}{space 4}-.1265849{col 67}{space 3} .0706932
{txt}{space 12} {c |}
{space 7}_cons {c |}{col 14}{res}{space 2}  .001552{col 26}{space 2} .0058358{col 37}{space 1}    0.27{col 46}{space 3}0.791{col 54}{space 4}-.0101696{col 67}{space 3} .0132736
{txt}{hline 13}{c BT}{hline 11}{hline 11}{hline 9}{hline 8}{hline 13}{hline 12}
{res}{txt}
{com}. 
{txt}end of do-file

{com}. do "C:\Users\ak29\AppData\Local\Temp\STD283c_000000.tmp"
{txt}
{com}. /*******************************************************************************
> Author: Alex Kaufman
> Description: HW 2 - Unit Root tests
> Date: 10/2
> *******************************SET UP******************************************/
. cd "\\Files\ak29\ClusterDownloads\Econometrics\TimeSeries"
{res}\\Files\ak29\ClusterDownloads\Econometrics\TimeSeries
{txt}
{com}. 
. cap log using HW2
{txt}
{com}. 
. 
. *install programs
. cap ssc install ersur
{txt}
{com}. cap ssc install kpss
{txt}
{com}. cap ssc install egranger
{txt}
{com}. 
. *load the data
. clear
{txt}
{com}. import excel "\\files\ak29\ClusterDownloads\Chow-Wang Data.xls", sheet("Sheet1")
{res}{txt}
{com}. 
. ********************************PREP DATA***************************************
. ren A year
{res}{txt}
{com}. ren B P
{res}{txt}
{com}. ren C M2
{res}{txt}
{com}. ren D Y
{res}{txt}
{com}. 
. sort year
{txt}
{com}. gen log_M2_Y = log(M2/Y)
{txt}
{com}. gen log_P    = log(P)
{txt}
{com}. 
. 
. *declare data to be time series
. tsset year
{res}{txt}{col 9}time variable:  {res}{col 25}year, 1952 to 2008
{txt}{col 17}delta:  {res}1 unit
{txt}
{com}. 
. *********************************ANALYSIS***************************************
. 
. *replicate equation 1
. reg log_P log_M

{txt}      Source {c |}       SS           df       MS      Number of obs   ={res}        57
{txt}{hline 13}{c +}{hline 34}   F(1, 55)        = {res}  1989.69
{txt}       Model {c |} {res} 18.0449479         1  18.0449479   {txt}Prob > F        ={res}    0.0000
{txt}    Residual {c |} {res} .498808067        55  .009069238   {txt}R-squared       ={res}    0.9731
{txt}{hline 13}{c +}{hline 34}   Adj R-squared   ={res}    0.9726
{txt}       Total {c |} {res} 18.5437559        56  .331138499   {txt}Root MSE        =   {res} .09523

{txt}{hline 13}{c TT}{hline 11}{hline 11}{hline 9}{hline 8}{hline 13}{hline 12}
{col 1}       log_P{col 14}{c |}      Coef.{col 26}   Std. Err.{col 38}      t{col 46}   P>|t|{col 54}     [95% Con{col 67}f. Interval]
{hline 13}{c +}{hline 11}{hline 11}{hline 9}{hline 8}{hline 13}{hline 12}
{space 4}log_M2_Y {c |}{col 14}{res}{space 2} .3687654{col 26}{space 2} .0082672{col 37}{space 1}   44.61{col 46}{space 3}0.000{col 54}{space 4} .3521976{col 67}{space 3} .3853332
{txt}{space 7}_cons {c |}{col 14}{res}{space 2}-.7017055{col 26}{space 2} .0281671{col 37}{space 1}  -24.91{col 46}{space 3}0.000{col 54}{space 4}-.7581537{col 67}{space 3}-.6452572
{txt}{hline 13}{c BT}{hline 11}{hline 11}{hline 9}{hline 8}{hline 13}{hline 12}
{res}{txt}
{com}. predict resid, res
{txt}
{com}. 
. *replicate equation 2
. reg D.log_P D.log_M2 l.D.log_P l.resid

{txt}      Source {c |}       SS           df       MS      Number of obs   ={res}        55
{txt}{hline 13}{c +}{hline 34}   F(3, 51)        = {res}    31.55
{txt}       Model {c |} {res} .100195461         3  .033398487   {txt}Prob > F        ={res}    0.0000
{txt}    Residual {c |} {res} .053986325        51  .001058555   {txt}R-squared       ={res}    0.6499
{txt}{hline 13}{c +}{hline 34}   Adj R-squared   ={res}    0.6293
{txt}       Total {c |} {res} .154181786        54  .002855218   {txt}Root MSE        =   {res} .03254

{txt}{hline 13}{c TT}{hline 11}{hline 11}{hline 9}{hline 8}{hline 13}{hline 12}
{col 1}     D.log_P{col 14}{c |}      Coef.{col 26}   Std. Err.{col 38}      t{col 46}   P>|t|{col 54}     [95% Con{col 67}f. Interval]
{hline 13}{c +}{hline 11}{hline 11}{hline 9}{hline 8}{hline 13}{hline 12}
{space 4}log_M2_Y {c |}
{space 9}D1. {c |}{col 14}{res}{space 2} .1550331{col 26}{space 2} .0395534{col 37}{space 1}    3.92{col 46}{space 3}0.000{col 54}{space 4} .0756263{col 67}{space 3} .2344399
{txt}{space 12} {c |}
{space 7}log_P {c |}
{space 9}LD. {c |}{col 14}{res}{space 2}  .532429{col 26}{space 2} .0872303{col 37}{space 1}    6.10{col 46}{space 3}0.000{col 54}{space 4} .3573069{col 67}{space 3} .7075511
{txt}{space 12} {c |}
{space 7}resid {c |}
{space 9}L1. {c |}{col 14}{res}{space 2}-.1544624{col 26}{space 2} .0470684{col 37}{space 1}   -3.28{col 46}{space 3}0.002{col 54}{space 4}-.2489563{col 67}{space 3}-.0599685
{txt}{space 12} {c |}
{space 7}_cons {c |}{col 14}{res}{space 2} .0005943{col 26}{space 2} .0055508{col 37}{space 1}    0.11{col 46}{space 3}0.915{col 54}{space 4}-.0105493{col 67}{space 3}  .011738
{txt}{hline 13}{c BT}{hline 11}{hline 11}{hline 9}{hline 8}{hline 13}{hline 12}
{res}{txt}
{com}. 
. *Dickey Fuller Tests for Stationarity
. dfuller log_P, lags(1) trend

{txt}Augmented Dickey-Fuller test for unit root         Number of obs   = {res}       55

{txt}{col 32}{hline 10} Interpolated Dickey-Fuller {hline 9}
                  Test         1% Critical       5% Critical      10% Critical
               Statistic           Value             Value             Value
{hline 78}
 Z(t)         {res}    -2.016            -4.139            -3.495            -3.177
{txt}{hline 78}
MacKinnon approximate p-value for Z(t) = {res}0.5929
{txt}
{com}. dfuller log_M2_Y

{txt}Dickey-Fuller test for unit root                   Number of obs   = {res}       56

{txt}{col 32}{hline 10} Interpolated Dickey-Fuller {hline 9}
                  Test         1% Critical       5% Critical      10% Critical
               Statistic           Value             Value             Value
{hline 78}
 Z(t)         {res}     1.044            -3.572            -2.925            -2.598
{txt}{hline 78}
MacKinnon approximate p-value for Z(t) = {res}0.9947
{txt}
{com}. 
. *Johansen test for cointegration
. vecrank log*, lags(5) 
{res}
{txt}{center 79:Johansen tests for cointegration}
Trend: constant{col 57}Number of obs = {res}{col 6}     52
{txt}Sample:  {res}1957 - 2008{txt}{col 66}Lags = {res}      5
{txt}{hline 79}
{col 58}5%
maximum{col 46}trace{col 55}critical
  rank{col 11}parms{col 23}LL{col 32}eigenvalue{col 44}statistic{col 57}value
{col 3}{res}  0{col 12}18  {col 19} 149.36435{col 33}       .{col 44}   9.2131{help vecrankstar##|_new:*}{col 55}  15.41
{col 3}  1{col 12}21  {col 19} 153.93814{col 33} 0.16131{col 44}   0.0655{col 55}   3.76
{col 3}  2{col 12}22  {col 19} 153.97088{col 33} 0.00126
{txt}{hline 79}

{com}. 
. *Engle Granger test
. egranger log_P log_M, ecm

{txt}Engle-Granger 2-step ECM estimation{col 55}N (1st step)  ={res}       57
{col 55}{txt}N (2nd step)  ={res}       55

Engle-Granger 2-step ECM
{txt}{hline 13}{c TT}{hline 11}{hline 11}{hline 9}{hline 8}{hline 13}{hline 12}
{col 1}     D.log_P{col 14}{c |}      Coef.{col 26}   Std. Err.{col 38}      t{col 46}   P>|t|{col 54}     [95% Con{col 67}f. Interval]
{hline 13}{c +}{hline 11}{hline 11}{hline 9}{hline 8}{hline 13}{hline 12}
{space 4}_egresid {c |}
{space 9}L1. {c |}{col 14}{res}{space 2} -.136338{col 26}{space 2} .0696388{col 37}{space 1}   -1.96{col 46}{space 3}0.056{col 54}{space 4}-.2760786{col 67}{space 3} .0034025
{txt}{space 12} {c |}
{space 4}log_M2_Y {c |}
{space 9}LD. {c |}{col 14}{res}{space 2} .1781899{col 26}{space 2} .0554622{col 37}{space 1}    3.21{col 46}{space 3}0.002{col 54}{space 4} .0668969{col 67}{space 3} .2894829
{txt}{space 12} {c |}
{space 7}_cons {c |}{col 14}{res}{space 2} .0138234{col 26}{space 2} .0075807{col 37}{space 1}    1.82{col 46}{space 3}0.074{col 54}{space 4}-.0013884{col 67}{space 3} .0290353
{txt}{hline 13}{c BT}{hline 11}{hline 11}{hline 9}{hline 8}{hline 13}{hline 12}

{com}. 
. *check whether residuals are really stationary
. ersur resid
{res}
Elliott, Rothenberg & Stock (1996) test results for 1963 - 2008
Variable name: resid
Ho: Unit root
Ha: Stationarity
GLS demeaned data
{txt}{hline 74}
Criteria{col 12}Lags{col 20}ERS stat.{col 33}p-value{col 45}1% cv{col 57}5% cv{col 66} 10% cv
{hline 74}
{res}FIXED{col 13}10{col 18}   -1.719{col 31}    0.082{col 42}   -2.474{col 54}   -1.912{col 65}   -1.636
  AIC{col 13}1{col 18}   -2.524{col 31}    0.029{col 42}   -2.999{col 54}   -2.269{col 65}   -1.916
  SIC{col 13}1{col 18}   -2.524{col 31}    0.021{col 42}   -2.823{col 54}   -2.157{col 65}   -1.838
GTS05{col 13}1{col 18}   -2.524{col 31}    0.031{col 42}   -3.001{col 54}   -2.296{col 65}   -1.946
GTS10{col 13}1{col 18}   -2.524{col 31}    0.031{col 42}   -2.999{col 54}   -2.298{col 65}   -1.951
{txt}{hline 74}

{com}. 
. *
. reg D.log_P  l.D.log_P l.resid l.D.log_M

{txt}      Source {c |}       SS           df       MS      Number of obs   ={res}        55
{txt}{hline 13}{c +}{hline 34}   F(3, 51)        = {res}    20.37
{txt}       Model {c |} {res} .084036251         3  .028012084   {txt}Prob > F        ={res}    0.0000
{txt}    Residual {c |} {res} .070145534        51  .001375403   {txt}R-squared       ={res}    0.5450
{txt}{hline 13}{c +}{hline 34}   Adj R-squared   ={res}    0.5183
{txt}       Total {c |} {res} .154181786        54  .002855218   {txt}Root MSE        =   {res} .03709

{txt}{hline 13}{c TT}{hline 11}{hline 11}{hline 9}{hline 8}{hline 13}{hline 12}
{col 1}     D.log_P{col 14}{c |}      Coef.{col 26}   Std. Err.{col 38}      t{col 46}   P>|t|{col 54}     [95% Con{col 67}f. Interval]
{hline 13}{c +}{hline 11}{hline 11}{hline 9}{hline 8}{hline 13}{hline 12}
{space 7}log_P {c |}
{space 9}LD. {c |}{col 14}{res}{space 2} .6153197{col 26}{space 2} .1149617{col 37}{space 1}    5.35{col 46}{space 3}0.000{col 54}{space 4} .3845245{col 67}{space 3} .8461148
{txt}{space 12} {c |}
{space 7}resid {c |}
{space 9}L1. {c |}{col 14}{res}{space 2}-.1802482{col 26}{space 2} .0568634{col 37}{space 1}   -3.17{col 46}{space 3}0.003{col 54}{space 4}-.2944063{col 67}{space 3}-.0660901
{txt}{space 12} {c |}
{space 4}log_M2_Y {c |}
{space 9}LD. {c |}{col 14}{res}{space 2} .0148762{col 26}{space 2}  .054215{col 37}{space 1}    0.27{col 46}{space 3}0.785{col 54}{space 4} -.093965{col 67}{space 3} .1237175
{txt}{space 12} {c |}
{space 7}_cons {c |}{col 14}{res}{space 2} .0097187{col 26}{space 2} .0061731{col 37}{space 1}    1.57{col 46}{space 3}0.122{col 54}{space 4}-.0026743{col 67}{space 3} .0221117
{txt}{hline 13}{c BT}{hline 11}{hline 11}{hline 9}{hline 8}{hline 13}{hline 12}
{res}{txt}
{com}. 
{txt}end of do-file

{com}. do "C:\Users\ak29\AppData\Local\Temp\STD283c_000000.tmp"
{txt}
{com}. reg D.log_P  l.D.log_P l.resid l.D.log_M

{txt}      Source {c |}       SS           df       MS      Number of obs   ={res}        55
{txt}{hline 13}{c +}{hline 34}   F(3, 51)        = {res}    20.37
{txt}       Model {c |} {res} .084036251         3  .028012084   {txt}Prob > F        ={res}    0.0000
{txt}    Residual {c |} {res} .070145534        51  .001375403   {txt}R-squared       ={res}    0.5450
{txt}{hline 13}{c +}{hline 34}   Adj R-squared   ={res}    0.5183
{txt}       Total {c |} {res} .154181786        54  .002855218   {txt}Root MSE        =   {res} .03709

{txt}{hline 13}{c TT}{hline 11}{hline 11}{hline 9}{hline 8}{hline 13}{hline 12}
{col 1}     D.log_P{col 14}{c |}      Coef.{col 26}   Std. Err.{col 38}      t{col 46}   P>|t|{col 54}     [95% Con{col 67}f. Interval]
{hline 13}{c +}{hline 11}{hline 11}{hline 9}{hline 8}{hline 13}{hline 12}
{space 7}log_P {c |}
{space 9}LD. {c |}{col 14}{res}{space 2} .6153197{col 26}{space 2} .1149617{col 37}{space 1}    5.35{col 46}{space 3}0.000{col 54}{space 4} .3845245{col 67}{space 3} .8461148
{txt}{space 12} {c |}
{space 7}resid {c |}
{space 9}L1. {c |}{col 14}{res}{space 2}-.1802482{col 26}{space 2} .0568634{col 37}{space 1}   -3.17{col 46}{space 3}0.003{col 54}{space 4}-.2944063{col 67}{space 3}-.0660901
{txt}{space 12} {c |}
{space 4}log_M2_Y {c |}
{space 9}LD. {c |}{col 14}{res}{space 2} .0148762{col 26}{space 2}  .054215{col 37}{space 1}    0.27{col 46}{space 3}0.785{col 54}{space 4} -.093965{col 67}{space 3} .1237175
{txt}{space 12} {c |}
{space 7}_cons {c |}{col 14}{res}{space 2} .0097187{col 26}{space 2} .0061731{col 37}{space 1}    1.57{col 46}{space 3}0.122{col 54}{space 4}-.0026743{col 67}{space 3} .0221117
{txt}{hline 13}{c BT}{hline 11}{hline 11}{hline 9}{hline 8}{hline 13}{hline 12}
{res}{txt}
{com}. 
{txt}end of do-file

{com}. do "C:\Users\ak29\AppData\Local\Temp\STD283c_000000.tmp"
{txt}
{com}. egranger log_P log_M, ecm
{res}Replacing variable _egresid...

{txt}Engle-Granger 2-step ECM estimation{col 55}N (1st step)  ={res}       57
{col 55}{txt}N (2nd step)  ={res}       55

Engle-Granger 2-step ECM
{txt}{hline 13}{c TT}{hline 11}{hline 11}{hline 9}{hline 8}{hline 13}{hline 12}
{col 1}     D.log_P{col 14}{c |}      Coef.{col 26}   Std. Err.{col 38}      t{col 46}   P>|t|{col 54}     [95% Con{col 67}f. Interval]
{hline 13}{c +}{hline 11}{hline 11}{hline 9}{hline 8}{hline 13}{hline 12}
{space 4}_egresid {c |}
{space 9}L1. {c |}{col 14}{res}{space 2} -.136338{col 26}{space 2} .0696388{col 37}{space 1}   -1.96{col 46}{space 3}0.056{col 54}{space 4}-.2760786{col 67}{space 3} .0034025
{txt}{space 12} {c |}
{space 4}log_M2_Y {c |}
{space 9}LD. {c |}{col 14}{res}{space 2} .1781899{col 26}{space 2} .0554622{col 37}{space 1}    3.21{col 46}{space 3}0.002{col 54}{space 4} .0668969{col 67}{space 3} .2894829
{txt}{space 12} {c |}
{space 7}_cons {c |}{col 14}{res}{space 2} .0138234{col 26}{space 2} .0075807{col 37}{space 1}    1.82{col 46}{space 3}0.074{col 54}{space 4}-.0013884{col 67}{space 3} .0290353
{txt}{hline 13}{c BT}{hline 11}{hline 11}{hline 9}{hline 8}{hline 13}{hline 12}

{com}. 
{txt}end of do-file

{com}. do "C:\Users\ak29\AppData\Local\Temp\STD283c_000000.tmp"
{txt}
{com}. reg D.log_P D.log_M l.D.(log_P log_M) l.resid 

{txt}      Source {c |}       SS           df       MS      Number of obs   ={res}        55
{txt}{hline 13}{c +}{hline 34}   F(4, 50)        = {res}    23.43
{txt}       Model {c |} {res} .100542851         4  .025135713   {txt}Prob > F        ={res}    0.0000
{txt}    Residual {c |} {res} .053638935        50  .001072779   {txt}R-squared       ={res}    0.6521
{txt}{hline 13}{c +}{hline 34}   Adj R-squared   ={res}    0.6243
{txt}       Total {c |} {res} .154181786        54  .002855218   {txt}Root MSE        =   {res} .03275

{txt}{hline 13}{c TT}{hline 11}{hline 11}{hline 9}{hline 8}{hline 13}{hline 12}
{col 1}     D.log_P{col 14}{c |}      Coef.{col 26}   Std. Err.{col 38}      t{col 46}   P>|t|{col 54}     [95% Con{col 67}f. Interval]
{hline 13}{c +}{hline 11}{hline 11}{hline 9}{hline 8}{hline 13}{hline 12}
{space 4}log_M2_Y {c |}
{space 9}D1. {c |}{col 14}{res}{space 2} .1601993{col 26}{space 2} .0408401{col 37}{space 1}    3.92{col 46}{space 3}0.000{col 54}{space 4} .0781695{col 67}{space 3}  .242229
{txt}{space 12} {c |}
{space 7}log_P {c |}
{space 9}LD. {c |}{col 14}{res}{space 2}  .562426{col 26}{space 2} .1024213{col 37}{space 1}    5.49{col 46}{space 3}0.000{col 54}{space 4} .3567069{col 67}{space 3} .7681452
{txt}{space 12} {c |}
{space 4}log_M2_Y {c |}
{space 9}LD. {c |}{col 14}{res}{space 2}-.0279459{col 26}{space 2} .0491094{col 37}{space 1}   -0.57{col 46}{space 3}0.572{col 54}{space 4}-.1265849{col 67}{space 3} .0706932
{txt}{space 12} {c |}
{space 7}resid {c |}
{space 9}L1. {c |}{col 14}{res}{space 2}-.1642116{col 26}{space 2} .0503857{col 37}{space 1}   -3.26{col 46}{space 3}0.002{col 54}{space 4}-.2654143{col 67}{space 3}-.0630089
{txt}{space 12} {c |}
{space 7}_cons {c |}{col 14}{res}{space 2}  .001552{col 26}{space 2} .0058358{col 37}{space 1}    0.27{col 46}{space 3}0.791{col 54}{space 4}-.0101696{col 67}{space 3} .0132736
{txt}{hline 13}{c BT}{hline 11}{hline 11}{hline 9}{hline 8}{hline 13}{hline 12}
{res}{txt}
{com}. 
{txt}end of do-file

{com}. do "C:\Users\ak29\AppData\Local\Temp\STD283c_000000.tmp"
{txt}
{com}. egranger log_P log_M, ecm
{res}Replacing variable _egresid...

{txt}Engle-Granger 2-step ECM estimation{col 55}N (1st step)  ={res}       57
{col 55}{txt}N (2nd step)  ={res}       55

Engle-Granger 2-step ECM
{txt}{hline 13}{c TT}{hline 11}{hline 11}{hline 9}{hline 8}{hline 13}{hline 12}
{col 1}     D.log_P{col 14}{c |}      Coef.{col 26}   Std. Err.{col 38}      t{col 46}   P>|t|{col 54}     [95% Con{col 67}f. Interval]
{hline 13}{c +}{hline 11}{hline 11}{hline 9}{hline 8}{hline 13}{hline 12}
{space 4}_egresid {c |}
{space 9}L1. {c |}{col 14}{res}{space 2} -.136338{col 26}{space 2} .0696388{col 37}{space 1}   -1.96{col 46}{space 3}0.056{col 54}{space 4}-.2760786{col 67}{space 3} .0034025
{txt}{space 12} {c |}
{space 4}log_M2_Y {c |}
{space 9}LD. {c |}{col 14}{res}{space 2} .1781899{col 26}{space 2} .0554622{col 37}{space 1}    3.21{col 46}{space 3}0.002{col 54}{space 4} .0668969{col 67}{space 3} .2894829
{txt}{space 12} {c |}
{space 7}_cons {c |}{col 14}{res}{space 2} .0138234{col 26}{space 2} .0075807{col 37}{space 1}    1.82{col 46}{space 3}0.074{col 54}{space 4}-.0013884{col 67}{space 3} .0290353
{txt}{hline 13}{c BT}{hline 11}{hline 11}{hline 9}{hline 8}{hline 13}{hline 12}

{com}. 
{txt}end of do-file

{com}. do "C:\Users\ak29\AppData\Local\Temp\STD283c_000000.tmp"
{txt}
{com}. reg D.log_P D.log_M l.D.(log_P log_M) l.resid 

{txt}      Source {c |}       SS           df       MS      Number of obs   ={res}        55
{txt}{hline 13}{c +}{hline 34}   F(4, 50)        = {res}    23.43
{txt}       Model {c |} {res} .100542851         4  .025135713   {txt}Prob > F        ={res}    0.0000
{txt}    Residual {c |} {res} .053638935        50  .001072779   {txt}R-squared       ={res}    0.6521
{txt}{hline 13}{c +}{hline 34}   Adj R-squared   ={res}    0.6243
{txt}       Total {c |} {res} .154181786        54  .002855218   {txt}Root MSE        =   {res} .03275

{txt}{hline 13}{c TT}{hline 11}{hline 11}{hline 9}{hline 8}{hline 13}{hline 12}
{col 1}     D.log_P{col 14}{c |}      Coef.{col 26}   Std. Err.{col 38}      t{col 46}   P>|t|{col 54}     [95% Con{col 67}f. Interval]
{hline 13}{c +}{hline 11}{hline 11}{hline 9}{hline 8}{hline 13}{hline 12}
{space 4}log_M2_Y {c |}
{space 9}D1. {c |}{col 14}{res}{space 2} .1601993{col 26}{space 2} .0408401{col 37}{space 1}    3.92{col 46}{space 3}0.000{col 54}{space 4} .0781695{col 67}{space 3}  .242229
{txt}{space 12} {c |}
{space 7}log_P {c |}
{space 9}LD. {c |}{col 14}{res}{space 2}  .562426{col 26}{space 2} .1024213{col 37}{space 1}    5.49{col 46}{space 3}0.000{col 54}{space 4} .3567069{col 67}{space 3} .7681452
{txt}{space 12} {c |}
{space 4}log_M2_Y {c |}
{space 9}LD. {c |}{col 14}{res}{space 2}-.0279459{col 26}{space 2} .0491094{col 37}{space 1}   -0.57{col 46}{space 3}0.572{col 54}{space 4}-.1265849{col 67}{space 3} .0706932
{txt}{space 12} {c |}
{space 7}resid {c |}
{space 9}L1. {c |}{col 14}{res}{space 2}-.1642116{col 26}{space 2} .0503857{col 37}{space 1}   -3.26{col 46}{space 3}0.002{col 54}{space 4}-.2654143{col 67}{space 3}-.0630089
{txt}{space 12} {c |}
{space 7}_cons {c |}{col 14}{res}{space 2}  .001552{col 26}{space 2} .0058358{col 37}{space 1}    0.27{col 46}{space 3}0.791{col 54}{space 4}-.0101696{col 67}{space 3} .0132736
{txt}{hline 13}{c BT}{hline 11}{hline 11}{hline 9}{hline 8}{hline 13}{hline 12}
{res}{txt}
{com}. 
{txt}end of do-file

{com}. do "C:\Users\ak29\AppData\Local\Temp\STD283c_000000.tmp"
{txt}
{com}. egranger log_P log_M, ecm
{res}Replacing variable _egresid...

{txt}Engle-Granger 2-step ECM estimation{col 55}N (1st step)  ={res}       57
{col 55}{txt}N (2nd step)  ={res}       55

Engle-Granger 2-step ECM
{txt}{hline 13}{c TT}{hline 11}{hline 11}{hline 9}{hline 8}{hline 13}{hline 12}
{col 1}     D.log_P{col 14}{c |}      Coef.{col 26}   Std. Err.{col 38}      t{col 46}   P>|t|{col 54}     [95% Con{col 67}f. Interval]
{hline 13}{c +}{hline 11}{hline 11}{hline 9}{hline 8}{hline 13}{hline 12}
{space 4}_egresid {c |}
{space 9}L1. {c |}{col 14}{res}{space 2} -.136338{col 26}{space 2} .0696388{col 37}{space 1}   -1.96{col 46}{space 3}0.056{col 54}{space 4}-.2760786{col 67}{space 3} .0034025
{txt}{space 12} {c |}
{space 4}log_M2_Y {c |}
{space 9}LD. {c |}{col 14}{res}{space 2} .1781899{col 26}{space 2} .0554622{col 37}{space 1}    3.21{col 46}{space 3}0.002{col 54}{space 4} .0668969{col 67}{space 3} .2894829
{txt}{space 12} {c |}
{space 7}_cons {c |}{col 14}{res}{space 2} .0138234{col 26}{space 2} .0075807{col 37}{space 1}    1.82{col 46}{space 3}0.074{col 54}{space 4}-.0013884{col 67}{space 3} .0290353
{txt}{hline 13}{c BT}{hline 11}{hline 11}{hline 9}{hline 8}{hline 13}{hline 12}

{com}. 
{txt}end of do-file

{com}. do "C:\Users\ak29\AppData\Local\Temp\STD283c_000000.tmp"
{txt}
{com}. reg D.log_P  l.D.(log_P log_M) l.resid 

{txt}      Source {c |}       SS           df       MS      Number of obs   ={res}        55
{txt}{hline 13}{c +}{hline 34}   F(3, 51)        = {res}    20.37
{txt}       Model {c |} {res} .084036251         3  .028012084   {txt}Prob > F        ={res}    0.0000
{txt}    Residual {c |} {res} .070145534        51  .001375403   {txt}R-squared       ={res}    0.5450
{txt}{hline 13}{c +}{hline 34}   Adj R-squared   ={res}    0.5183
{txt}       Total {c |} {res} .154181786        54  .002855218   {txt}Root MSE        =   {res} .03709

{txt}{hline 13}{c TT}{hline 11}{hline 11}{hline 9}{hline 8}{hline 13}{hline 12}
{col 1}     D.log_P{col 14}{c |}      Coef.{col 26}   Std. Err.{col 38}      t{col 46}   P>|t|{col 54}     [95% Con{col 67}f. Interval]
{hline 13}{c +}{hline 11}{hline 11}{hline 9}{hline 8}{hline 13}{hline 12}
{space 7}log_P {c |}
{space 9}LD. {c |}{col 14}{res}{space 2} .6153197{col 26}{space 2} .1149617{col 37}{space 1}    5.35{col 46}{space 3}0.000{col 54}{space 4} .3845245{col 67}{space 3} .8461148
{txt}{space 12} {c |}
{space 4}log_M2_Y {c |}
{space 9}LD. {c |}{col 14}{res}{space 2} .0148762{col 26}{space 2}  .054215{col 37}{space 1}    0.27{col 46}{space 3}0.785{col 54}{space 4} -.093965{col 67}{space 3} .1237175
{txt}{space 12} {c |}
{space 7}resid {c |}
{space 9}L1. {c |}{col 14}{res}{space 2}-.1802482{col 26}{space 2} .0568634{col 37}{space 1}   -3.17{col 46}{space 3}0.003{col 54}{space 4}-.2944063{col 67}{space 3}-.0660901
{txt}{space 12} {c |}
{space 7}_cons {c |}{col 14}{res}{space 2} .0097187{col 26}{space 2} .0061731{col 37}{space 1}    1.57{col 46}{space 3}0.122{col 54}{space 4}-.0026743{col 67}{space 3} .0221117
{txt}{hline 13}{c BT}{hline 11}{hline 11}{hline 9}{hline 8}{hline 13}{hline 12}
{res}{txt}
{com}. 
{txt}end of do-file

{com}. do "C:\Users\ak29\AppData\Local\Temp\STD283c_000000.tmp"
{txt}
{com}. egranger log_P log_M, ecm
{res}Replacing variable _egresid...

{txt}Engle-Granger 2-step ECM estimation{col 55}N (1st step)  ={res}       57
{col 55}{txt}N (2nd step)  ={res}       55

Engle-Granger 2-step ECM
{txt}{hline 13}{c TT}{hline 11}{hline 11}{hline 9}{hline 8}{hline 13}{hline 12}
{col 1}     D.log_P{col 14}{c |}      Coef.{col 26}   Std. Err.{col 38}      t{col 46}   P>|t|{col 54}     [95% Con{col 67}f. Interval]
{hline 13}{c +}{hline 11}{hline 11}{hline 9}{hline 8}{hline 13}{hline 12}
{space 4}_egresid {c |}
{space 9}L1. {c |}{col 14}{res}{space 2} -.136338{col 26}{space 2} .0696388{col 37}{space 1}   -1.96{col 46}{space 3}0.056{col 54}{space 4}-.2760786{col 67}{space 3} .0034025
{txt}{space 12} {c |}
{space 4}log_M2_Y {c |}
{space 9}LD. {c |}{col 14}{res}{space 2} .1781899{col 26}{space 2} .0554622{col 37}{space 1}    3.21{col 46}{space 3}0.002{col 54}{space 4} .0668969{col 67}{space 3} .2894829
{txt}{space 12} {c |}
{space 7}_cons {c |}{col 14}{res}{space 2} .0138234{col 26}{space 2} .0075807{col 37}{space 1}    1.82{col 46}{space 3}0.074{col 54}{space 4}-.0013884{col 67}{space 3} .0290353
{txt}{hline 13}{c BT}{hline 11}{hline 11}{hline 9}{hline 8}{hline 13}{hline 12}

{com}. 
{txt}end of do-file

{com}. do "C:\Users\ak29\AppData\Local\Temp\STD283c_000000.tmp"
{txt}
{com}. *Engle Granger test
. egranger log_P log_M, ecm lag(1)
{res}Replacing variable _egresid...

{txt}Engle-Granger 2-step ECM estimation{col 55}N (1st step)  ={res}       57
{txt}Number of lags   = {res} 1{col 55}{txt}N (2nd step)  ={res}       55

Engle-Granger 2-step ECM
{txt}{hline 13}{c TT}{hline 11}{hline 11}{hline 9}{hline 8}{hline 13}{hline 12}
{col 1}     D.log_P{col 14}{c |}      Coef.{col 26}   Std. Err.{col 38}      t{col 46}   P>|t|{col 54}     [95% Con{col 67}f. Interval]
{hline 13}{c +}{hline 11}{hline 11}{hline 9}{hline 8}{hline 13}{hline 12}
{space 4}_egresid {c |}
{space 9}L1. {c |}{col 14}{res}{space 2}-.1802482{col 26}{space 2} .0568634{col 37}{space 1}   -3.17{col 46}{space 3}0.003{col 54}{space 4}-.2944063{col 67}{space 3}-.0660901
{txt}{space 12} {c |}
{space 7}log_P {c |}
{space 9}LD. {c |}{col 14}{res}{space 2} .6153196{col 26}{space 2} .1149617{col 37}{space 1}    5.35{col 46}{space 3}0.000{col 54}{space 4} .3845245{col 67}{space 3} .8461148
{txt}{space 12} {c |}
{space 4}log_M2_Y {c |}
{space 9}LD. {c |}{col 14}{res}{space 2} .0148762{col 26}{space 2}  .054215{col 37}{space 1}    0.27{col 46}{space 3}0.785{col 54}{space 4} -.093965{col 67}{space 3} .1237175
{txt}{space 12} {c |}
{space 7}_cons {c |}{col 14}{res}{space 2} .0097187{col 26}{space 2} .0061731{col 37}{space 1}    1.57{col 46}{space 3}0.122{col 54}{space 4}-.0026743{col 67}{space 3} .0221117
{txt}{hline 13}{c BT}{hline 11}{hline 11}{hline 9}{hline 8}{hline 13}{hline 12}

{com}. 
. *check whether residuals are really stationary
. ersur resid
{res}
Elliott, Rothenberg & Stock (1996) test results for 1963 - 2008
Variable name: resid
Ho: Unit root
Ha: Stationarity
GLS demeaned data
{txt}{hline 74}
Criteria{col 12}Lags{col 20}ERS stat.{col 33}p-value{col 45}1% cv{col 57}5% cv{col 66} 10% cv
{hline 74}
{res}FIXED{col 13}10{col 18}   -1.719{col 31}    0.082{col 42}   -2.474{col 54}   -1.912{col 65}   -1.636
  AIC{col 13}1{col 18}   -2.524{col 31}    0.029{col 42}   -2.999{col 54}   -2.269{col 65}   -1.916
  SIC{col 13}1{col 18}   -2.524{col 31}    0.021{col 42}   -2.823{col 54}   -2.157{col 65}   -1.838
GTS05{col 13}1{col 18}   -2.524{col 31}    0.031{col 42}   -3.001{col 54}   -2.296{col 65}   -1.946
GTS10{col 13}1{col 18}   -2.524{col 31}    0.031{col 42}   -2.999{col 54}   -2.298{col 65}   -1.951
{txt}{hline 74}

{com}. 
. *
. reg D.log_P l.D.log_P l.d.log_M l.resid 

{txt}      Source {c |}       SS           df       MS      Number of obs   ={res}        55
{txt}{hline 13}{c +}{hline 34}   F(3, 51)        = {res}    20.37
{txt}       Model {c |} {res} .084036251         3  .028012084   {txt}Prob > F        ={res}    0.0000
{txt}    Residual {c |} {res} .070145534        51  .001375403   {txt}R-squared       ={res}    0.5450
{txt}{hline 13}{c +}{hline 34}   Adj R-squared   ={res}    0.5183
{txt}       Total {c |} {res} .154181786        54  .002855218   {txt}Root MSE        =   {res} .03709

{txt}{hline 13}{c TT}{hline 11}{hline 11}{hline 9}{hline 8}{hline 13}{hline 12}
{col 1}     D.log_P{col 14}{c |}      Coef.{col 26}   Std. Err.{col 38}      t{col 46}   P>|t|{col 54}     [95% Con{col 67}f. Interval]
{hline 13}{c +}{hline 11}{hline 11}{hline 9}{hline 8}{hline 13}{hline 12}
{space 7}log_P {c |}
{space 9}LD. {c |}{col 14}{res}{space 2} .6153197{col 26}{space 2} .1149617{col 37}{space 1}    5.35{col 46}{space 3}0.000{col 54}{space 4} .3845245{col 67}{space 3} .8461148
{txt}{space 12} {c |}
{space 4}log_M2_Y {c |}
{space 9}LD. {c |}{col 14}{res}{space 2} .0148762{col 26}{space 2}  .054215{col 37}{space 1}    0.27{col 46}{space 3}0.785{col 54}{space 4} -.093965{col 67}{space 3} .1237175
{txt}{space 12} {c |}
{space 7}resid {c |}
{space 9}L1. {c |}{col 14}{res}{space 2}-.1802482{col 26}{space 2} .0568634{col 37}{space 1}   -3.17{col 46}{space 3}0.003{col 54}{space 4}-.2944063{col 67}{space 3}-.0660901
{txt}{space 12} {c |}
{space 7}_cons {c |}{col 14}{res}{space 2} .0097187{col 26}{space 2} .0061731{col 37}{space 1}    1.57{col 46}{space 3}0.122{col 54}{space 4}-.0026743{col 67}{space 3} .0221117
{txt}{hline 13}{c BT}{hline 11}{hline 11}{hline 9}{hline 8}{hline 13}{hline 12}
{res}{txt}
{com}. 
{txt}end of do-file

{com}. do "C:\Users\ak29\AppData\Local\Temp\STD283c_000000.tmp"
{txt}
{com}. *Engle Granger test
. egranger log_P log_M, ecm lag(1)
{res}Replacing variable _egresid...

{txt}Engle-Granger 2-step ECM estimation{col 55}N (1st step)  ={res}       57
{txt}Number of lags   = {res} 1{col 55}{txt}N (2nd step)  ={res}       55

Engle-Granger 2-step ECM
{txt}{hline 13}{c TT}{hline 11}{hline 11}{hline 9}{hline 8}{hline 13}{hline 12}
{col 1}     D.log_P{col 14}{c |}      Coef.{col 26}   Std. Err.{col 38}      t{col 46}   P>|t|{col 54}     [95% Con{col 67}f. Interval]
{hline 13}{c +}{hline 11}{hline 11}{hline 9}{hline 8}{hline 13}{hline 12}
{space 4}_egresid {c |}
{space 9}L1. {c |}{col 14}{res}{space 2}-.1802482{col 26}{space 2} .0568634{col 37}{space 1}   -3.17{col 46}{space 3}0.003{col 54}{space 4}-.2944063{col 67}{space 3}-.0660901
{txt}{space 12} {c |}
{space 7}log_P {c |}
{space 9}LD. {c |}{col 14}{res}{space 2} .6153196{col 26}{space 2} .1149617{col 37}{space 1}    5.35{col 46}{space 3}0.000{col 54}{space 4} .3845245{col 67}{space 3} .8461148
{txt}{space 12} {c |}
{space 4}log_M2_Y {c |}
{space 9}LD. {c |}{col 14}{res}{space 2} .0148762{col 26}{space 2}  .054215{col 37}{space 1}    0.27{col 46}{space 3}0.785{col 54}{space 4} -.093965{col 67}{space 3} .1237175
{txt}{space 12} {c |}
{space 7}_cons {c |}{col 14}{res}{space 2} .0097187{col 26}{space 2} .0061731{col 37}{space 1}    1.57{col 46}{space 3}0.122{col 54}{space 4}-.0026743{col 67}{space 3} .0221117
{txt}{hline 13}{c BT}{hline 11}{hline 11}{hline 9}{hline 8}{hline 13}{hline 12}

{com}. 
{txt}end of do-file

{com}. do "C:\Users\ak29\AppData\Local\Temp\STD283c_000000.tmp"
{txt}
{com}. reg D.log_P l.D.log_P l.d.log_M l.resid 

{txt}      Source {c |}       SS           df       MS      Number of obs   ={res}        55
{txt}{hline 13}{c +}{hline 34}   F(3, 51)        = {res}    20.37
{txt}       Model {c |} {res} .084036251         3  .028012084   {txt}Prob > F        ={res}    0.0000
{txt}    Residual {c |} {res} .070145534        51  .001375403   {txt}R-squared       ={res}    0.5450
{txt}{hline 13}{c +}{hline 34}   Adj R-squared   ={res}    0.5183
{txt}       Total {c |} {res} .154181786        54  .002855218   {txt}Root MSE        =   {res} .03709

{txt}{hline 13}{c TT}{hline 11}{hline 11}{hline 9}{hline 8}{hline 13}{hline 12}
{col 1}     D.log_P{col 14}{c |}      Coef.{col 26}   Std. Err.{col 38}      t{col 46}   P>|t|{col 54}     [95% Con{col 67}f. Interval]
{hline 13}{c +}{hline 11}{hline 11}{hline 9}{hline 8}{hline 13}{hline 12}
{space 7}log_P {c |}
{space 9}LD. {c |}{col 14}{res}{space 2} .6153197{col 26}{space 2} .1149617{col 37}{space 1}    5.35{col 46}{space 3}0.000{col 54}{space 4} .3845245{col 67}{space 3} .8461148
{txt}{space 12} {c |}
{space 4}log_M2_Y {c |}
{space 9}LD. {c |}{col 14}{res}{space 2} .0148762{col 26}{space 2}  .054215{col 37}{space 1}    0.27{col 46}{space 3}0.785{col 54}{space 4} -.093965{col 67}{space 3} .1237175
{txt}{space 12} {c |}
{space 7}resid {c |}
{space 9}L1. {c |}{col 14}{res}{space 2}-.1802482{col 26}{space 2} .0568634{col 37}{space 1}   -3.17{col 46}{space 3}0.003{col 54}{space 4}-.2944063{col 67}{space 3}-.0660901
{txt}{space 12} {c |}
{space 7}_cons {c |}{col 14}{res}{space 2} .0097187{col 26}{space 2} .0061731{col 37}{space 1}    1.57{col 46}{space 3}0.122{col 54}{space 4}-.0026743{col 67}{space 3} .0221117
{txt}{hline 13}{c BT}{hline 11}{hline 11}{hline 9}{hline 8}{hline 13}{hline 12}
{res}{txt}
{com}. 
{txt}end of do-file

{com}. do "C:\Users\ak29\AppData\Local\Temp\STD283c_000000.tmp"
{txt}
{com}. *Engle Granger test
. egranger log_P log_M, ecm lag(1)
{res}Replacing variable _egresid...

{txt}Engle-Granger 2-step ECM estimation{col 55}N (1st step)  ={res}       57
{txt}Number of lags   = {res} 1{col 55}{txt}N (2nd step)  ={res}       55

Engle-Granger 2-step ECM
{txt}{hline 13}{c TT}{hline 11}{hline 11}{hline 9}{hline 8}{hline 13}{hline 12}
{col 1}     D.log_P{col 14}{c |}      Coef.{col 26}   Std. Err.{col 38}      t{col 46}   P>|t|{col 54}     [95% Con{col 67}f. Interval]
{hline 13}{c +}{hline 11}{hline 11}{hline 9}{hline 8}{hline 13}{hline 12}
{space 4}_egresid {c |}
{space 9}L1. {c |}{col 14}{res}{space 2}-.1802482{col 26}{space 2} .0568634{col 37}{space 1}   -3.17{col 46}{space 3}0.003{col 54}{space 4}-.2944063{col 67}{space 3}-.0660901
{txt}{space 12} {c |}
{space 7}log_P {c |}
{space 9}LD. {c |}{col 14}{res}{space 2} .6153196{col 26}{space 2} .1149617{col 37}{space 1}    5.35{col 46}{space 3}0.000{col 54}{space 4} .3845245{col 67}{space 3} .8461148
{txt}{space 12} {c |}
{space 4}log_M2_Y {c |}
{space 9}LD. {c |}{col 14}{res}{space 2} .0148762{col 26}{space 2}  .054215{col 37}{space 1}    0.27{col 46}{space 3}0.785{col 54}{space 4} -.093965{col 67}{space 3} .1237175
{txt}{space 12} {c |}
{space 7}_cons {c |}{col 14}{res}{space 2} .0097187{col 26}{space 2} .0061731{col 37}{space 1}    1.57{col 46}{space 3}0.122{col 54}{space 4}-.0026743{col 67}{space 3} .0221117
{txt}{hline 13}{c BT}{hline 11}{hline 11}{hline 9}{hline 8}{hline 13}{hline 12}

{com}. 
{txt}end of do-file

{com}. help log

. do "\\files\ak29\ClusterDownloads\Econometrics\TimeSeries\HW2.do"
{txt}
{com}. /*******************************************************************************
> Author: Alex Kaufman
> Description: HW 2 - Unit Root tests
> Date: 10/2
> *******************************SET UP******************************************/
. cd "\\Files\ak29\ClusterDownloads\Econometrics\TimeSeries"
{res}\\Files\ak29\ClusterDownloads\Econometrics\TimeSeries
{txt}
{com}. 
. cap log using HW2, replace
{txt}
{com}. 
. 
. *install programs
. cap ssc install ersur
{txt}
{com}. cap ssc install kpss
{txt}
{com}. cap ssc install egranger
{txt}
{com}. 
. *load the data
. clear
{txt}
{com}. import excel "\\files\ak29\ClusterDownloads\Chow-Wang Data.xls", sheet("Sheet1")
{res}{txt}
{com}. 
. ********************************PREP DATA***************************************
. ren A year
{res}{txt}
{com}. ren B P
{res}{txt}
{com}. ren C M2
{res}{txt}
{com}. ren D Y
{res}{txt}
{com}. 
. sort year
{txt}
{com}. gen log_M2_Y = log(M2/Y)
{txt}
{com}. gen log_P    = log(P)
{txt}
{com}. 
. 
. *declare data to be time series
. tsset year
{res}{txt}{col 9}time variable:  {res}{col 25}year, 1952 to 2008
{txt}{col 17}delta:  {res}1 unit
{txt}
{com}. 
. *********************************ANALYSIS***************************************
. 
. *replicate equation 1
. reg log_P log_M

{txt}      Source {c |}       SS           df       MS      Number of obs   ={res}        57
{txt}{hline 13}{c +}{hline 34}   F(1, 55)        = {res}  1989.69
{txt}       Model {c |} {res} 18.0449479         1  18.0449479   {txt}Prob > F        ={res}    0.0000
{txt}    Residual {c |} {res} .498808067        55  .009069238   {txt}R-squared       ={res}    0.9731
{txt}{hline 13}{c +}{hline 34}   Adj R-squared   ={res}    0.9726
{txt}       Total {c |} {res} 18.5437559        56  .331138499   {txt}Root MSE        =   {res} .09523

{txt}{hline 13}{c TT}{hline 11}{hline 11}{hline 9}{hline 8}{hline 13}{hline 12}
{col 1}       log_P{col 14}{c |}      Coef.{col 26}   Std. Err.{col 38}      t{col 46}   P>|t|{col 54}     [95% Con{col 67}f. Interval]
{hline 13}{c +}{hline 11}{hline 11}{hline 9}{hline 8}{hline 13}{hline 12}
{space 4}log_M2_Y {c |}{col 14}{res}{space 2} .3687654{col 26}{space 2} .0082672{col 37}{space 1}   44.61{col 46}{space 3}0.000{col 54}{space 4} .3521976{col 67}{space 3} .3853332
{txt}{space 7}_cons {c |}{col 14}{res}{space 2}-.7017055{col 26}{space 2} .0281671{col 37}{space 1}  -24.91{col 46}{space 3}0.000{col 54}{space 4}-.7581537{col 67}{space 3}-.6452572
{txt}{hline 13}{c BT}{hline 11}{hline 11}{hline 9}{hline 8}{hline 13}{hline 12}
{res}{txt}
{com}. predict resid, res
{txt}
{com}. 
. *replicate equation 2
. reg D.log_P D.log_M2 l.D.log_P l.resid

{txt}      Source {c |}       SS           df       MS      Number of obs   ={res}        55
{txt}{hline 13}{c +}{hline 34}   F(3, 51)        = {res}    31.55
{txt}       Model {c |} {res} .100195461         3  .033398487   {txt}Prob > F        ={res}    0.0000
{txt}    Residual {c |} {res} .053986325        51  .001058555   {txt}R-squared       ={res}    0.6499
{txt}{hline 13}{c +}{hline 34}   Adj R-squared   ={res}    0.6293
{txt}       Total {c |} {res} .154181786        54  .002855218   {txt}Root MSE        =   {res} .03254

{txt}{hline 13}{c TT}{hline 11}{hline 11}{hline 9}{hline 8}{hline 13}{hline 12}
{col 1}     D.log_P{col 14}{c |}      Coef.{col 26}   Std. Err.{col 38}      t{col 46}   P>|t|{col 54}     [95% Con{col 67}f. Interval]
{hline 13}{c +}{hline 11}{hline 11}{hline 9}{hline 8}{hline 13}{hline 12}
{space 4}log_M2_Y {c |}
{space 9}D1. {c |}{col 14}{res}{space 2} .1550331{col 26}{space 2} .0395534{col 37}{space 1}    3.92{col 46}{space 3}0.000{col 54}{space 4} .0756263{col 67}{space 3} .2344399
{txt}{space 12} {c |}
{space 7}log_P {c |}
{space 9}LD. {c |}{col 14}{res}{space 2}  .532429{col 26}{space 2} .0872303{col 37}{space 1}    6.10{col 46}{space 3}0.000{col 54}{space 4} .3573069{col 67}{space 3} .7075511
{txt}{space 12} {c |}
{space 7}resid {c |}
{space 9}L1. {c |}{col 14}{res}{space 2}-.1544624{col 26}{space 2} .0470684{col 37}{space 1}   -3.28{col 46}{space 3}0.002{col 54}{space 4}-.2489563{col 67}{space 3}-.0599685
{txt}{space 12} {c |}
{space 7}_cons {c |}{col 14}{res}{space 2} .0005943{col 26}{space 2} .0055508{col 37}{space 1}    0.11{col 46}{space 3}0.915{col 54}{space 4}-.0105493{col 67}{space 3}  .011738
{txt}{hline 13}{c BT}{hline 11}{hline 11}{hline 9}{hline 8}{hline 13}{hline 12}
{res}{txt}
{com}. 
. *Dickey Fuller Tests for Stationarity
. dfuller log_P, lags(1) trend

{txt}Augmented Dickey-Fuller test for unit root         Number of obs   = {res}       55

{txt}{col 32}{hline 10} Interpolated Dickey-Fuller {hline 9}
                  Test         1% Critical       5% Critical      10% Critical
               Statistic           Value             Value             Value
{hline 78}
 Z(t)         {res}    -2.016            -4.139            -3.495            -3.177
{txt}{hline 78}
MacKinnon approximate p-value for Z(t) = {res}0.5929
{txt}
{com}. dfuller log_M2_Y

{txt}Dickey-Fuller test for unit root                   Number of obs   = {res}       56

{txt}{col 32}{hline 10} Interpolated Dickey-Fuller {hline 9}
                  Test         1% Critical       5% Critical      10% Critical
               Statistic           Value             Value             Value
{hline 78}
 Z(t)         {res}     1.044            -3.572            -2.925            -2.598
{txt}{hline 78}
MacKinnon approximate p-value for Z(t) = {res}0.9947
{txt}
{com}. 
. *Johansen test for cointegration
. vecrank log*, lags(5) 
{res}
{txt}{center 79:Johansen tests for cointegration}
Trend: constant{col 57}Number of obs = {res}{col 6}     52
{txt}Sample:  {res}1957 - 2008{txt}{col 66}Lags = {res}      5
{txt}{hline 79}
{col 58}5%
maximum{col 46}trace{col 55}critical
  rank{col 11}parms{col 23}LL{col 32}eigenvalue{col 44}statistic{col 57}value
{col 3}{res}  0{col 12}18  {col 19} 149.36435{col 33}       .{col 44}   9.2131{help vecrankstar##|_new:*}{col 55}  15.41
{col 3}  1{col 12}21  {col 19} 153.93814{col 33} 0.16131{col 44}   0.0655{col 55}   3.76
{col 3}  2{col 12}22  {col 19} 153.97088{col 33} 0.00126
{txt}{hline 79}

{com}. 
. *Engle Granger test
. egranger log_P log_M, ecm lag(1)

{txt}Engle-Granger 2-step ECM estimation{col 55}N (1st step)  ={res}       57
{txt}Number of lags   = {res} 1{col 55}{txt}N (2nd step)  ={res}       55

Engle-Granger 2-step ECM
{txt}{hline 13}{c TT}{hline 11}{hline 11}{hline 9}{hline 8}{hline 13}{hline 12}
{col 1}     D.log_P{col 14}{c |}      Coef.{col 26}   Std. Err.{col 38}      t{col 46}   P>|t|{col 54}     [95% Con{col 67}f. Interval]
{hline 13}{c +}{hline 11}{hline 11}{hline 9}{hline 8}{hline 13}{hline 12}
{space 4}_egresid {c |}
{space 9}L1. {c |}{col 14}{res}{space 2}-.1802482{col 26}{space 2} .0568634{col 37}{space 1}   -3.17{col 46}{space 3}0.003{col 54}{space 4}-.2944063{col 67}{space 3}-.0660901
{txt}{space 12} {c |}
{space 7}log_P {c |}
{space 9}LD. {c |}{col 14}{res}{space 2} .6153196{col 26}{space 2} .1149617{col 37}{space 1}    5.35{col 46}{space 3}0.000{col 54}{space 4} .3845245{col 67}{space 3} .8461148
{txt}{space 12} {c |}
{space 4}log_M2_Y {c |}
{space 9}LD. {c |}{col 14}{res}{space 2} .0148762{col 26}{space 2}  .054215{col 37}{space 1}    0.27{col 46}{space 3}0.785{col 54}{space 4} -.093965{col 67}{space 3} .1237175
{txt}{space 12} {c |}
{space 7}_cons {c |}{col 14}{res}{space 2} .0097187{col 26}{space 2} .0061731{col 37}{space 1}    1.57{col 46}{space 3}0.122{col 54}{space 4}-.0026743{col 67}{space 3} .0221117
{txt}{hline 13}{c BT}{hline 11}{hline 11}{hline 9}{hline 8}{hline 13}{hline 12}

{com}. 
. *Check E granger results by hand
. reg D.log_P l.D.log_P l.d.log_M l.resid 

{txt}      Source {c |}       SS           df       MS      Number of obs   ={res}        55
{txt}{hline 13}{c +}{hline 34}   F(3, 51)        = {res}    20.37
{txt}       Model {c |} {res} .084036251         3  .028012084   {txt}Prob > F        ={res}    0.0000
{txt}    Residual {c |} {res} .070145534        51  .001375403   {txt}R-squared       ={res}    0.5450
{txt}{hline 13}{c +}{hline 34}   Adj R-squared   ={res}    0.5183
{txt}       Total {c |} {res} .154181786        54  .002855218   {txt}Root MSE        =   {res} .03709

{txt}{hline 13}{c TT}{hline 11}{hline 11}{hline 9}{hline 8}{hline 13}{hline 12}
{col 1}     D.log_P{col 14}{c |}      Coef.{col 26}   Std. Err.{col 38}      t{col 46}   P>|t|{col 54}     [95% Con{col 67}f. Interval]
{hline 13}{c +}{hline 11}{hline 11}{hline 9}{hline 8}{hline 13}{hline 12}
{space 7}log_P {c |}
{space 9}LD. {c |}{col 14}{res}{space 2} .6153197{col 26}{space 2} .1149617{col 37}{space 1}    5.35{col 46}{space 3}0.000{col 54}{space 4} .3845245{col 67}{space 3} .8461148
{txt}{space 12} {c |}
{space 4}log_M2_Y {c |}
{space 9}LD. {c |}{col 14}{res}{space 2} .0148762{col 26}{space 2}  .054215{col 37}{space 1}    0.27{col 46}{space 3}0.785{col 54}{space 4} -.093965{col 67}{space 3} .1237175
{txt}{space 12} {c |}
{space 7}resid {c |}
{space 9}L1. {c |}{col 14}{res}{space 2}-.1802482{col 26}{space 2} .0568634{col 37}{space 1}   -3.17{col 46}{space 3}0.003{col 54}{space 4}-.2944063{col 67}{space 3}-.0660901
{txt}{space 12} {c |}
{space 7}_cons {c |}{col 14}{res}{space 2} .0097187{col 26}{space 2} .0061731{col 37}{space 1}    1.57{col 46}{space 3}0.122{col 54}{space 4}-.0026743{col 67}{space 3} .0221117
{txt}{hline 13}{c BT}{hline 11}{hline 11}{hline 9}{hline 8}{hline 13}{hline 12}
{res}{txt}
{com}. 
. *check whether the original variables are really non-stationary
. ersur log_P
{res}
Elliott, Rothenberg & Stock (1996) test results for 1963 - 2008
Variable name: log_P
Ho: Unit root
Ha: Stationarity
GLS demeaned data
{txt}{hline 74}
Criteria{col 12}Lags{col 20}ERS stat.{col 33}p-value{col 45}1% cv{col 57}5% cv{col 66} 10% cv
{hline 74}
{res}FIXED{col 13}10{col 18}    0.579{col 31}    0.919{col 42}   -2.474{col 54}   -1.912{col 65}   -1.636
  AIC{col 13}5{col 18}   -0.135{col 31}    0.773{col 42}   -2.999{col 54}   -2.269{col 65}   -1.916
  SIC{col 13}3{col 18}    0.306{col 31}    0.878{col 42}   -2.823{col 54}   -2.157{col 65}   -1.838
GTS05{col 13}5{col 18}   -0.135{col 31}    0.777{col 42}   -3.001{col 54}   -2.296{col 65}   -1.946
GTS10{col 13}5{col 18}   -0.135{col 31}    0.775{col 42}   -2.999{col 54}   -2.298{col 65}   -1.951
{txt}{hline 74}

{com}. ersur log_M
{res}
Elliott, Rothenberg & Stock (1996) test results for 1963 - 2008
Variable name: log_M2_Y
Ho: Unit root
Ha: Stationarity
GLS demeaned data
{txt}{hline 74}
Criteria{col 12}Lags{col 20}ERS stat.{col 33}p-value{col 45}1% cv{col 57}5% cv{col 66} 10% cv
{hline 74}
{res}FIXED{col 13}10{col 18}   -0.281{col 31}    0.702{col 42}   -2.474{col 54}   -1.912{col 65}   -1.636
  AIC{col 13}6{col 18}   -0.791{col 31}    0.527{col 42}   -2.999{col 54}   -2.269{col 65}   -1.916
  SIC{col 13}6{col 18}   -0.791{col 31}    0.516{col 42}   -2.823{col 54}   -2.157{col 65}   -1.838
GTS05{col 13}6{col 18}   -0.791{col 31}    0.534{col 42}   -3.001{col 54}   -2.296{col 65}   -1.946
GTS10{col 13}6{col 18}   -0.791{col 31}    0.535{col 42}   -2.999{col 54}   -2.298{col 65}   -1.951
{txt}{hline 74}

{com}. 
. kpss log_P
 
{txt}KPSS test for log_P
 
Maxlag = 3 chosen by Schwert criterion
Autocovariances weighted by Bartlett kernel
 
Critical values for H0: log_P is trend stationary
 
10%: 0.119  5% : 0.146  2.5%: 0.176  1% : 0.216
 
Lag order    Test statistic
    0           1.13
{col 4} 1{col 13}    .574
{col 4} 2{col 13}    .391
{col 4} 3{col 13}      .3

{com}. kpss log_M 
 
{txt}KPSS test for log_M2_Y
 
Maxlag = 3 chosen by Schwert criterion
Autocovariances weighted by Bartlett kernel
 
Critical values for H0: log_M2_Y is trend stationary
 
10%: 0.119  5% : 0.146  2.5%: 0.176  1% : 0.216
 
Lag order    Test statistic
    0           1.19
{col 4} 1{col 13}     .61
{col 4} 2{col 13}    .416
{col 4} 3{col 13}    .319

{com}. 
. *check whether residuals are really stationary
. ersur resid
{res}
Elliott, Rothenberg & Stock (1996) test results for 1963 - 2008
Variable name: resid
Ho: Unit root
Ha: Stationarity
GLS demeaned data
{txt}{hline 74}
Criteria{col 12}Lags{col 20}ERS stat.{col 33}p-value{col 45}1% cv{col 57}5% cv{col 66} 10% cv
{hline 74}
{res}FIXED{col 13}10{col 18}   -1.719{col 31}    0.082{col 42}   -2.474{col 54}   -1.912{col 65}   -1.636
  AIC{col 13}1{col 18}   -2.524{col 31}    0.029{col 42}   -2.999{col 54}   -2.269{col 65}   -1.916
  SIC{col 13}1{col 18}   -2.524{col 31}    0.021{col 42}   -2.823{col 54}   -2.157{col 65}   -1.838
GTS05{col 13}1{col 18}   -2.524{col 31}    0.031{col 42}   -3.001{col 54}   -2.296{col 65}   -1.946
GTS10{col 13}1{col 18}   -2.524{col 31}    0.031{col 42}   -2.999{col 54}   -2.298{col 65}   -1.951
{txt}{hline 74}

{com}. kpss resid
 
{txt}KPSS test for resid
 
Maxlag = 3 chosen by Schwert criterion
Autocovariances weighted by Bartlett kernel
 
Critical values for H0: resid is trend stationary
 
10%: 0.119  5% : 0.146  2.5%: 0.176  1% : 0.216
 
Lag order    Test statistic
    0            .48
{col 4} 1{col 13}    .256
{col 4} 2{col 13}    .184
{col 4} 3{col 13}    .149

{com}. 
. cap log close
{smcl}
{com}{sf}{ul off}